Component: ARM Compiler 5.06 update 3 (build 300) Tool: armlink [4d35c9]

==============================================================================

Section Cross References

    startup_stm32f10x_md.o(RESET) refers to startup_stm32f10x_md.o(STACK) for __initial_sp
    startup_stm32f10x_md.o(RESET) refers to startup_stm32f10x_md.o(.text) for Reset_Handler
    startup_stm32f10x_md.o(RESET) refers to stm32f10x_it.o(i.NMI_Handler) for NMI_Handler
    startup_stm32f10x_md.o(RESET) refers to stm32f10x_it.o(i.HardFault_Handler) for HardFault_Handler
    startup_stm32f10x_md.o(RESET) refers to stm32f10x_it.o(i.MemManage_Handler) for MemManage_Handler
    startup_stm32f10x_md.o(RESET) refers to stm32f10x_it.o(i.BusFault_Handler) for BusFault_Handler
    startup_stm32f10x_md.o(RESET) refers to stm32f10x_it.o(i.UsageFault_Handler) for UsageFault_Handler
    startup_stm32f10x_md.o(RESET) refers to stm32f10x_it.o(i.SVC_Handler) for SVC_Handler
    startup_stm32f10x_md.o(RESET) refers to stm32f10x_it.o(i.DebugMon_Handler) for DebugMon_Handler
    startup_stm32f10x_md.o(RESET) refers to stm32f10x_it.o(i.PendSV_Handler) for PendSV_Handler
    startup_stm32f10x_md.o(RESET) refers to stm32f10x_it.o(i.SysTick_Handler) for SysTick_Handler
    startup_stm32f10x_md.o(RESET) refers to usart2.o(i.TIM4_IRQHandler) for TIM4_IRQHandler
    startup_stm32f10x_md.o(RESET) refers to uart1.o(i.USART1_IRQHandler) for USART1_IRQHandler
    startup_stm32f10x_md.o(RESET) refers to printf.o(i.USART2_IRQHandler) for USART2_IRQHandler
    startup_stm32f10x_md.o(.text) refers to system_stm32f10x.o(i.SystemInit) for SystemInit
    startup_stm32f10x_md.o(.text) refers to entry.o(.ARM.Collect$$$$00000000) for __main
    system_stm32f10x.o(i.SetSysClock) refers to system_stm32f10x.o(i.SetSysClockTo72) for SetSysClockTo72
    system_stm32f10x.o(i.SystemCoreClockUpdate) refers to system_stm32f10x.o(.data) for SystemCoreClock
    system_stm32f10x.o(i.SystemInit) refers to system_stm32f10x.o(i.SetSysClock) for SetSysClock
    stm32f10x_adc.o(i.ADC_DeInit) refers to stm32f10x_rcc.o(i.RCC_APB2PeriphResetCmd) for RCC_APB2PeriphResetCmd
    stm32f10x_bkp.o(i.BKP_DeInit) refers to stm32f10x_rcc.o(i.RCC_BackupResetCmd) for RCC_BackupResetCmd
    stm32f10x_can.o(i.CAN_DeInit) refers to stm32f10x_rcc.o(i.RCC_APB1PeriphResetCmd) for RCC_APB1PeriphResetCmd
    stm32f10x_can.o(i.CAN_GetITStatus) refers to stm32f10x_can.o(i.CheckITStatus) for CheckITStatus
    stm32f10x_cec.o(i.CEC_DeInit) refers to stm32f10x_rcc.o(i.RCC_APB1PeriphResetCmd) for RCC_APB1PeriphResetCmd
    stm32f10x_dac.o(i.DAC_DeInit) refers to stm32f10x_rcc.o(i.RCC_APB1PeriphResetCmd) for RCC_APB1PeriphResetCmd
    stm32f10x_flash.o(i.FLASH_EnableWriteProtection) refers to stm32f10x_flash.o(i.FLASH_WaitForLastOperation) for FLASH_WaitForLastOperation
    stm32f10x_flash.o(i.FLASH_EraseAllBank1Pages) refers to stm32f10x_flash.o(i.FLASH_WaitForLastBank1Operation) for FLASH_WaitForLastBank1Operation
    stm32f10x_flash.o(i.FLASH_EraseAllPages) refers to stm32f10x_flash.o(i.FLASH_WaitForLastOperation) for FLASH_WaitForLastOperation
    stm32f10x_flash.o(i.FLASH_EraseOptionBytes) refers to stm32f10x_flash.o(i.FLASH_GetReadOutProtectionStatus) for FLASH_GetReadOutProtectionStatus
    stm32f10x_flash.o(i.FLASH_EraseOptionBytes) refers to stm32f10x_flash.o(i.FLASH_WaitForLastOperation) for FLASH_WaitForLastOperation
    stm32f10x_flash.o(i.FLASH_ErasePage) refers to stm32f10x_flash.o(i.FLASH_WaitForLastOperation) for FLASH_WaitForLastOperation
    stm32f10x_flash.o(i.FLASH_ProgramHalfWord) refers to stm32f10x_flash.o(i.FLASH_WaitForLastOperation) for FLASH_WaitForLastOperation
    stm32f10x_flash.o(i.FLASH_ProgramOptionByteData) refers to stm32f10x_flash.o(i.FLASH_WaitForLastOperation) for FLASH_WaitForLastOperation
    stm32f10x_flash.o(i.FLASH_ProgramWord) refers to stm32f10x_flash.o(i.FLASH_WaitForLastOperation) for FLASH_WaitForLastOperation
    stm32f10x_flash.o(i.FLASH_ReadOutProtection) refers to stm32f10x_flash.o(i.FLASH_WaitForLastOperation) for FLASH_WaitForLastOperation
    stm32f10x_flash.o(i.FLASH_UserOptionByteConfig) refers to stm32f10x_flash.o(i.FLASH_WaitForLastOperation) for FLASH_WaitForLastOperation
    stm32f10x_flash.o(i.FLASH_WaitForLastBank1Operation) refers to stm32f10x_flash.o(i.FLASH_GetBank1Status) for FLASH_GetBank1Status
    stm32f10x_flash.o(i.FLASH_WaitForLastOperation) refers to stm32f10x_flash.o(i.FLASH_GetBank1Status) for FLASH_GetBank1Status
    stm32f10x_gpio.o(i.GPIO_AFIODeInit) refers to stm32f10x_rcc.o(i.RCC_APB2PeriphResetCmd) for RCC_APB2PeriphResetCmd
    stm32f10x_gpio.o(i.GPIO_DeInit) refers to stm32f10x_rcc.o(i.RCC_APB2PeriphResetCmd) for RCC_APB2PeriphResetCmd
    stm32f10x_i2c.o(i.I2C_DeInit) refers to stm32f10x_rcc.o(i.RCC_APB1PeriphResetCmd) for RCC_APB1PeriphResetCmd
    stm32f10x_i2c.o(i.I2C_Init) refers to stm32f10x_rcc.o(i.RCC_GetClocksFreq) for RCC_GetClocksFreq
[...]
    Removing stm32f10x_rtc.o(i.RTC_WaitForLastTask), (20 bytes).
    Removing stm32f10x_rtc.o(i.RTC_WaitForSynchro), (36 bytes).
    Removing stm32f10x_sdio.o(i.SDIO_CEATAITCmd), (16 bytes).
    Removing stm32f10x_sdio.o(i.SDIO_ClearFlag), (12 bytes).
    Removing stm32f10x_sdio.o(i.SDIO_ClearITPendingBit), (12 bytes).
    Removing stm32f10x_sdio.o(i.SDIO_ClockCmd), (12 bytes).
    Removing stm32f10x_sdio.o(i.SDIO_CmdStructInit), (14 bytes).
    Removing stm32f10x_sdio.o(i.SDIO_CommandCompletionCmd), (12 bytes).
    Removing stm32f10x_sdio.o(i.SDIO_DMACmd), (12 bytes).
    Removing stm32f10x_sdio.o(i.SDIO_DataConfig), (48 bytes).
    Removing stm32f10x_sdio.o(i.SDIO_DataStructInit), (20 bytes).
    Removing stm32f10x_sdio.o(i.SDIO_DeInit), (36 bytes).
    Removing stm32f10x_sdio.o(i.SDIO_GetCommandResponse), (12 bytes).
    Removing stm32f10x_sdio.o(i.SDIO_GetDataCounter), (12 bytes).
    Removing stm32f10x_sdio.o(i.SDIO_GetFIFOCount), (12 bytes).
    Removing stm32f10x_sdio.o(i.SDIO_GetFlagStatus), (24 bytes).
    Removing stm32f10x_sdio.o(i.SDIO_GetITStatus), (24 bytes).
    Removing stm32f10x_sdio.o(i.SDIO_GetPowerState), (16 bytes).
    Removing stm32f10x_sdio.o(i.SDIO_GetResponse), (24 bytes).
    Removing stm32f10x_sdio.o(i.SDIO_ITConfig), (32 bytes).
    Removing stm32f10x_sdio.o(i.SDIO_Init), (48 bytes).
    Removing stm32f10x_sdio.o(i.SDIO_ReadData), (12 bytes).
    Removing stm32f10x_sdio.o(i.SDIO_SendCEATACmd), (12 bytes).
    Removing stm32f10x_sdio.o(i.SDIO_SendCommand), (44 bytes).
    Removing stm32f10x_sdio.o(i.SDIO_SendSDIOSuspendCmd), (12 bytes).
    Removing stm32f10x_sdio.o(i.SDIO_SetPowerState), (28 bytes).
    Removing stm32f10x_sdio.o(i.SDIO_SetSDIOOperation), (12 bytes).
    Removing stm32f10x_sdio.o(i.SDIO_SetSDIOReadWaitMode), (12 bytes).
    Removing stm32f10x_sdio.o(i.SDIO_StartSDIOReadWait), (12 bytes).
    Removing stm32f10x_sdio.o(i.SDIO_StopSDIOReadWait), (12 bytes).
    Removing stm32f10x_sdio.o(i.SDIO_StructInit), (16 bytes).
    Removing stm32f10x_sdio.o(i.SDIO_WriteData), (12 bytes).
    Removing stm32f10x_spi.o(i.I2S_Cmd), (24 bytes).
    Removing stm32f10x_spi.o(i.I2S_Init), (232 bytes).
    Removing stm32f10x_spi.o(i.I2S_StructInit), (20 bytes).
    Removing stm32f10x_spi.o(i.SPI_BiDirectionalLineConfig), (28 bytes).
    Removing stm32f10x_spi.o(i.SPI_CalculateCRC), (24 bytes).
    Removing stm32f10x_spi.o(i.SPI_Cmd), (24 bytes).
    Removing stm32f10x_spi.o(i.SPI_DataSizeConfig), (18 bytes).
    Removing stm32f10x_spi.o(i.SPI_GetCRC), (16 bytes).
    Removing stm32f10x_spi.o(i.SPI_GetCRCPolynomial), (6 bytes).
    Removing stm32f10x_spi.o(i.SPI_I2S_ClearFlag), (6 bytes).
    Removing stm32f10x_spi.o(i.SPI_I2S_ClearITPendingBit), (20 bytes).
    Removing stm32f10x_spi.o(i.SPI_I2S_DMACmd), (18 bytes).
    Removing stm32f10x_spi.o(i.SPI_I2S_DeInit), (88 bytes).
    Removing stm32f10x_spi.o(i.SPI_I2S_GetFlagStatus), (18 bytes).
    Removing stm32f10x_spi.o(i.SPI_I2S_GetITStatus), (52 bytes).
    Removing stm32f10x_spi.o(i.SPI_I2S_ITConfig), (32 bytes).
    Removing stm32f10x_spi.o(i.SPI_I2S_ReceiveData), (6 bytes).
    Removing stm32f10x_spi.o(i.SPI_I2S_SendData), (4 bytes).
    Removing stm32f10x_spi.o(i.SPI_Init), (60 bytes).
    Removing stm32f10x_spi.o(i.SPI_NSSInternalSoftwareConfig), (30 bytes).
    Removing stm32f10x_spi.o(i.SPI_SSOutputCmd), (24 bytes).
    Removing stm32f10x_spi.o(i.SPI_StructInit), (24 bytes).
    Removing stm32f10x_spi.o(i.SPI_TransmitCRC), (10 bytes).
    Removing stm32f10x_tim.o(i.TI1_Config), (128 bytes).
    Removing stm32f10x_tim.o(i.TI2_Config), (152 bytes).
    Removing stm32f10x_tim.o(i.TI3_Config), (144 bytes).
    Removing stm32f10x_tim.o(i.TI4_Config), (152 bytes).
    Removing stm32f10x_tim.o(i.TIM_BDTRConfig), (32 bytes).
    Removing stm32f10x_tim.o(i.TIM_BDTRStructInit), (18 bytes).
    Removing stm32f10x_tim.o(i.TIM_CCPreloadControl), (24 bytes).
    Removing stm32f10x_tim.o(i.TIM_CCxCmd), (30 bytes).
    Removing stm32f10x_tim.o(i.TIM_CCxNCmd), (30 bytes).
    Removing stm32f10x_tim.o(i.TIM_ClearFlag), (6 bytes).
    Removing stm32f10x_tim.o(i.TIM_ClearOC1Ref), (18 bytes).
    Removing stm32f10x_tim.o(i.TIM_ClearOC2Ref), (24 bytes).
    Removing stm32f10x_tim.o(i.TIM_ClearOC3Ref), (18 bytes).
    Removing stm32f10x_tim.o(i.TIM_ClearOC4Ref), (24 bytes).
    Removing stm32f10x_tim.o(i.TIM_CounterModeConfig), (18 bytes).
    Removing stm32f10x_tim.o(i.TIM_DMACmd), (18 bytes).
    Removing stm32f10x_tim.o(i.TIM_DMAConfig), (10 bytes).
    Removing stm32f10x_tim.o(i.TIM_DeInit), (488 bytes).
    Removing stm32f10x_tim.o(i.TIM_ETRClockMode1Config), (54 bytes).
    Removing stm32f10x_tim.o(i.TIM_ETRClockMode2Config), (32 bytes).
    Removing stm32f10x_tim.o(i.TIM_ETRConfig), (28 bytes).
    Removing stm32f10x_tim.o(i.TIM_EncoderInterfaceConfig), (66 bytes).
    Removing stm32f10x_tim.o(i.TIM_ForcedOC1Config), (18 bytes).
    Removing stm32f10x_tim.o(i.TIM_ForcedOC2Config), (26 bytes).
    Removing stm32f10x_tim.o(i.TIM_ForcedOC3Config), (18 bytes).
    Removing stm32f10x_tim.o(i.TIM_ForcedOC4Config), (26 bytes).
    Removing stm32f10x_tim.o(i.TIM_GenerateEvent), (4 bytes).
    Removing stm32f10x_tim.o(i.TIM_GetCapture1), (6 bytes).
    Removing stm32f10x_tim.o(i.TIM_GetCapture2), (6 bytes).
    Removing stm32f10x_tim.o(i.TIM_GetCapture3), (6 bytes).
    Removing stm32f10x_tim.o(i.TIM_GetCapture4), (8 bytes).
    Removing stm32f10x_tim.o(i.TIM_GetCounter), (6 bytes).
    Removing stm32f10x_tim.o(i.TIM_GetFlagStatus), (18 bytes).
    Removing stm32f10x_tim.o(i.TIM_GetPrescaler), (6 bytes).
    Removing stm32f10x_tim.o(i.TIM_ICInit), (172 bytes).
    Removing stm32f10x_tim.o(i.TIM_ICStructInit), (18 bytes).
    Removing stm32f10x_tim.o(i.TIM_ITConfig), (18 bytes).
    Removing stm32f10x_tim.o(i.TIM_ITRxExternalClockConfig), (24 bytes).
    Removing stm32f10x_tim.o(i.TIM_InternalClockConfig), (12 bytes).
    Removing stm32f10x_tim.o(i.TIM_OC1FastConfig), (18 bytes).
    Removing stm32f10x_tim.o(i.TIM_OC1NPolarityConfig), (18 bytes).
    Removing stm32f10x_tim.o(i.TIM_OC1PolarityConfig), (18 bytes).
    Removing stm32f10x_tim.o(i.TIM_OC2FastConfig), (26 bytes).
    Removing stm32f10x_tim.o(i.TIM_OC2NPolarityConfig), (26 bytes).
    Removing stm32f10x_tim.o(i.TIM_OC2PolarityConfig), (26 bytes).
    Removing stm32f10x_tim.o(i.TIM_OC3FastConfig), (18 bytes).
    Removing stm32f10x_tim.o(i.TIM_OC3NPolarityConfig), (26 bytes).
    Removing stm32f10x_tim.o(i.TIM_OC3PolarityConfig), (26 bytes).
    Removing stm32f10x_tim.o(i.TIM_OC4FastConfig), (26 bytes).
    Removing stm32f10x_tim.o(i.TIM_OC4PolarityConfig), (26 bytes).
    Removing stm32f10x_tim.o(i.TIM_OCStructInit), (20 bytes).
    Removing stm32f10x_tim.o(i.TIM_PWMIConfig), (124 bytes).
    Removing stm32f10x_tim.o(i.TIM_PrescalerConfig), (6 bytes).
    Removing stm32f10x_tim.o(i.TIM_SelectCCDMA), (24 bytes).
    Removing stm32f10x_tim.o(i.TIM_SelectCOM), (24 bytes).
    Removing stm32f10x_tim.o(i.TIM_SelectHallSensor), (24 bytes).
    Removing stm32f10x_tim.o(i.TIM_SelectInputTrigger), (18 bytes).
    Removing stm32f10x_tim.o(i.TIM_SelectMasterSlaveMode), (18 bytes).
    Removing stm32f10x_tim.o(i.TIM_SelectOCxM), (82 bytes).
    Removing stm32f10x_tim.o(i.TIM_SelectOnePulseMode), (18 bytes).
    Removing stm32f10x_tim.o(i.TIM_SelectOutputTrigger), (18 bytes).
    Removing stm32f10x_tim.o(i.TIM_SelectSlaveMode), (18 bytes).
    Removing stm32f10x_tim.o(i.TIM_SetAutoreload), (4 bytes).
    Removing stm32f10x_tim.o(i.TIM_SetClockDivision), (18 bytes).
    Removing stm32f10x_tim.o(i.TIM_SetCompare2), (4 bytes).
    Removing stm32f10x_tim.o(i.TIM_SetCompare3), (4 bytes).
    Removing stm32f10x_tim.o(i.TIM_SetCompare4), (6 bytes).
    Removing stm32f10x_tim.o(i.TIM_SetIC1Prescaler), (18 bytes).
    Removing stm32f10x_tim.o(i.TIM_SetIC2Prescaler), (26 bytes).
    Removing stm32f10x_tim.o(i.TIM_SetIC3Prescaler), (18 bytes).
    Removing stm32f10x_tim.o(i.TIM_SetIC4Prescaler), (26 bytes).
    Removing stm32f10x_tim.o(i.TIM_TIxExternalClockConfig), (62 bytes).
    Removing stm32f10x_tim.o(i.TIM_TimeBaseStructInit), (18 bytes).
    Removing stm32f10x_tim.o(i.TIM_UpdateDisableConfig), (24 bytes).
    Removing stm32f10x_tim.o(i.TIM_UpdateRequestConfig), (24 bytes).
    Removing stm32f10x_usart.o(i.USART_ClearFlag), (18 bytes).
    Removing stm32f10x_usart.o(i.USART_ClockInit), (34 bytes).
    Removing stm32f10x_usart.o(i.USART_ClockStructInit), (12 bytes).
    Removing stm32f10x_usart.o(i.USART_DMACmd), (18 bytes).
    Removing stm32f10x_usart.o(i.USART_DeInit), (156 bytes).
    Removing stm32f10x_usart.o(i.USART_HalfDuplexCmd), (24 bytes).
    Removing stm32f10x_usart.o(i.USART_IrDACmd), (24 bytes).
    Removing stm32f10x_usart.o(i.USART_IrDAConfig), (18 bytes).
    Removing stm32f10x_usart.o(i.USART_LINBreakDetectLengthConfig), (18 bytes).
    Removing stm32f10x_usart.o(i.USART_LINCmd), (24 bytes).
    Removing stm32f10x_usart.o(i.USART_OneBitMethodCmd), (24 bytes).
    Removing stm32f10x_usart.o(i.USART_OverSampling8Cmd), (22 bytes).
    Removing stm32f10x_usart.o(i.USART_ReceiverWakeUpCmd), (24 bytes).
    Removing stm32f10x_usart.o(i.USART_SendBreak), (10 bytes).
    Removing stm32f10x_usart.o(i.USART_SetAddress), (18 bytes).
    Removing stm32f10x_usart.o(i.USART_SetGuardTime), (16 bytes).
    Removing stm32f10x_usart.o(i.USART_SetPrescaler), (16 bytes).
    Removing stm32f10x_usart.o(i.USART_SmartCardCmd), (24 bytes).
    Removing stm32f10x_usart.o(i.USART_SmartCardNACKCmd), (24 bytes).
    Removing stm32f10x_usart.o(i.USART_StructInit), (24 bytes).
    Removing stm32f10x_usart.o(i.USART_WakeUpConfig), (18 bytes).
    Removing stm32f10x_wwdg.o(i.WWDG_ClearFlag), (12 bytes).
    Removing stm32f10x_wwdg.o(i.WWDG_DeInit), (22 bytes).
    Removing stm32f10x_wwdg.o(i.WWDG_Enable), (16 bytes).
    Removing stm32f10x_wwdg.o(i.WWDG_EnableIT), (12 bytes).
    Removing stm32f10x_wwdg.o(i.WWDG_GetFlagStatus), (12 bytes).
    Removing stm32f10x_wwdg.o(i.WWDG_SetCounter), (16 bytes).
    Removing stm32f10x_wwdg.o(i.WWDG_SetPrescaler), (24 bytes).
    Removing stm32f10x_wwdg.o(i.WWDG_SetWindowValue), (40 bytes).
    Removing main.o(i.IWDG_Feed), (8 bytes).
    Removing main.o(i.IWDG_Init), (36 bytes).
    Removing scheduler.o(.data), (4 bytes).
    Removing delay.o(i.micros), (56 bytes).
    Removing printf.o(i.send_data), (44 bytes).
    Removing uart1.o(i.uart1_get_cmd), (16 bytes).
    Removing uart1.o(i.uart1_get_string), (40 bytes).
    Removing uart1.o(i.uart_send_byte), (32 bytes).
    Removing usart2.o(i.TIM4_Init), (88 bytes).
    Removing usart2.o(i.USART2_Init), (192 bytes).
    Removing usart2.o(i.u2_printf), (92 bytes).
    Removing usart2.o(.bss), (2048 bytes).
    Removing usart.o(i._sys_exit), (4 bytes).
    Removing hcsr04.o(i.HCSR04_GetDistance), (12 bytes).
    Removing motor.o(i.Motor_ToggleDirection), (28 bytes).
    Removing motor.o(i.Motor_ctr_LEFT), (40 bytes).
    Removing motor.o(i.Motor_ctr_RIGHT), (40 bytes).
    Removing wifi.o(i.init_wifi), (432 bytes).
    Removing wifi.o(i.rst_wifi), (32 bytes).
    Removing wifi.o(i.send_data_mqtt), (132 bytes).
    Removing wifi.o(i.wifi_GPIO_Init), (52 bytes).
    Removing wifi.o(i.wifi_check_cmd), (52 bytes).
    Removing wifi.o(i.wifi_send_cmd), (96 bytes).
    Removing wifi.o(.bss), (50 bytes).
    Removing wifi.o(.conststring), (68 bytes).

456 unused section(s) (total 21026 bytes) removed from the image.

==============================================================================

Image Symbol Table

    Local Symbols

    Symbol Name                              Value     Ov Type        Size  Object(Section)

    ../clib/microlib/division.c              0x00000000   Number         0  uldiv.o ABSOLUTE
    ../clib/microlib/division.c              0x00000000   Number         0  uidiv.o ABSOLUTE
    ../clib/microlib/init/entry.s            0x00000000   Number         0  entry.o ABSOLUTE
    ../clib/microlib/init/entry.s            0x00000000   Number         0  entry2.o ABSOLUTE
    ../clib/microlib/init/entry.s            0x00000000   Number         0  entry5.o ABSOLUTE
    ../clib/microlib/init/entry.s            0x00000000   Number         0  entry7a.o ABSOLUTE
    ../clib/microlib/init/entry.s            0x00000000   Number         0  entry8a.o ABSOLUTE
    ../clib/microlib/init/entry.s            0x00000000   Number         0  entry8b.o ABSOLUTE
    ../clib/microlib/init/entry.s            0x00000000   Number         0  entry7b.o ABSOLUTE
    ../clib/microlib/init/entry.s            0x00000000   Number         0  entry9a.o ABSOLUTE
    ../clib/microlib/init/entry.s            0x00000000   Number         0  entry9b.o ABSOLUTE
    ../clib/microlib/init/entry.s            0x00000000   Number         0  entry10a.o ABSOLUTE
    ../clib/microlib/init/entry.s            0x00000000   Number         0  entry10b.o ABSOLUTE
    ../clib/microlib/init/entry.s            0x00000000   Number         0  entry11a.o ABSOLUTE
    ../clib/microlib/init/entry.s            0x00000000   Number         0  entry11b.o ABSOLUTE
    ../clib/microlib/longlong.c              0x00000000   Number         0  llshl.o ABSOLUTE
    ../clib/microlib/longlong.c              0x00000000   Number         0  llsshr.o ABSOLUTE
    ../clib/microlib/longlong.c              0x00000000   Number         0  llushr.o ABSOLUTE
    ../clib/microlib/printf/printf.c         0x00000000   Number         0  printfb.o ABSOLUTE
    ../clib/microlib/printf/printf.c         0x00000000   Number         0  printfa.o ABSOLUTE
    ../clib/microlib/printf/printf.c         0x00000000   Number         0  printf8.o ABSOLUTE
    ../clib/microlib/printf/printf.c         0x00000000   Number         0  printf7.o ABSOLUTE
    ../clib/microlib/printf/printf.c         0x00000000   Number         0  printf6.o ABSOLUTE
    ../clib/microlib/printf/printf.c         0x00000000   Number         0  printf5.o ABSOLUTE
    ../clib/microlib/printf/printf.c         0x00000000   Number         0  printf4.o ABSOLUTE
    ../clib/microlib/printf/printf.c         0x00000000   Number         0  printf3.o ABSOLUTE
    ../clib/microlib/printf/printf.c         0x00000000   Number         0  printf2.o ABSOLUTE
    ../clib/microlib/printf/printf.c         0x00000000   Number         0  printf1.o ABSOLUTE
    ../clib/microlib/printf/printf.c         0x00000000   Number         0  printf0.o ABSOLUTE
    ../clib/microlib/printf/stubs.s          0x00000000   Number         0  stubs.o ABSOLUTE
    ../clib/microlib/string/strcpy.c         0x00000000   Number         0  strcpy.o ABSOLUTE
    ../clib/microlib/string/strlen.c         0x00000000   Number         0  strlen.o ABSOLUTE
    ../clib/microlib/string/strstr.c         0x00000000   Number         0  strstr.o ABSOLUTE
    ../clib/microlib/stubs.s                 0x00000000   Number         0  useno.o ABSOLUTE
    ../clib/microlib/stubs.s                 0x00000000   Number         0  iusefp.o ABSOLUTE
    ../fplib/microlib/f2d.c                  0x00000000   Number         0  f2d.o ABSOLUTE
    ../fplib/microlib/fpadd.c                0x00000000   Number         0  fadd.o ABSOLUTE
    ../fplib/microlib/fpadd.c                0x00000000   Number         0  dadd.o ABSOLUTE
    ../fplib/microlib/fpdiv.c                0x00000000   Number         0  fdiv.o ABSOLUTE
    ../fplib/microlib/fpdiv.c                0x00000000   Number         0  ddiv.o ABSOLUTE
    ../fplib/microlib/fpepilogue.c           0x00000000   Number         0  depilogue.o ABSOLUTE
    ../fplib/microlib/fpepilogue.c           0x00000000   Number         0  fepilogue.o ABSOLUTE
    ../fplib/microlib/fpfix.c                0x00000000   Number         0  dfixul.o ABSOLUTE
    ../fplib/microlib/fpfix.c                0x00000000   Number         0  ffixui.o ABSOLUTE
    ../fplib/microlib/fpfix.c                0x00000000   Number         0  ffixi.o ABSOLUTE
    ../fplib/microlib/fpflt.c                0x00000000   Number         0  fflti.o ABSOLUTE
    ../fplib/microlib/fpflt.c                0x00000000   Number         0  ffltui.o ABSOLUTE
    ../fplib/microlib/fpmul.c                0x00000000   Number         0  dmul.o ABSOLUTE
    ../fplib/microlib/fpmul.c                0x00000000   Number         0  fmul.o ABSOLUTE
    CONFIG\printf.c                          0x00000000   Number         0  printf.o ABSOLUTE
    CONFIG\uart1.c                           0x00000000   Number         0  uart1.o ABSOLUTE
    CONFIG\usart.c                           0x00000000   Number         0  usart.o ABSOLUTE
    CONFIG\usart2.c                          0x00000000   Number         0  usart2.o ABSOLUTE
    HAL\control.c                            0x00000000   Number         0  control.o ABSOLUTE
    HARDWARE\DHT.c                           0x00000000   Number         0  dht.o ABSOLUTE
    HARDWARE\K210.c                          0x00000000   Number         0  k210.o ABSOLUTE
    HARDWARE\adc.c                           0x00000000   Number         0  adc.o ABSOLUTE
    HARDWARE\engin.c                         0x00000000   Number         0  engin.o ABSOLUTE
    HARDWARE\hcsr04.c                        0x00000000   Number         0  hcsr04.o ABSOLUTE
    HARDWARE\motor.c                         0x00000000   Number         0  motor.o ABSOLUTE
    HARDWARE\wifi.c                          0x00000000   Number         0  wifi.o ABSOLUTE
    Library\misc.c                           0x00000000   Number         0  misc.o ABSOLUTE
    Library\stm32f10x_adc.c                  0x00000000   Number         0  stm32f10x_adc.o ABSOLUTE
    Library\stm32f10x_bkp.c                  0x00000000   Number         0  stm32f10x_bkp.o ABSOLUTE
    Library\stm32f10x_can.c                  0x00000000   Number         0  stm32f10x_can.o ABSOLUTE
    Library\stm32f10x_cec.c                  0x00000000   Number         0  stm32f10x_cec.o ABSOLUTE
    Library\stm32f10x_crc.c                  0x00000000   Number         0  stm32f10x_crc.o ABSOLUTE
    Library\stm32f10x_dac.c                  0x00000000   Number         0  stm32f10x_dac.o ABSOLUTE
    Library\stm32f10x_dbgmcu.c               0x00000000   Number         0  stm32f10x_dbgmcu.o ABSOLUTE
    Library\stm32f10x_dma.c                  0x00000000   Number         0  stm32f10x_dma.o ABSOLUTE
    Library\stm32f10x_exti.c                 0x00000000   Number         0  stm32f10x_exti.o ABSOLUTE
    Library\stm32f10x_flash.c                0x00000000   Number         0  stm32f10x_flash.o ABSOLUTE
    Library\stm32f10x_fsmc.c                 0x00000000   Number         0  stm32f10x_fsmc.o ABSOLUTE
    Library\stm32f10x_gpio.c                 0x00000000   Number         0  stm32f10x_gpio.o ABSOLUTE
    Library\stm32f10x_i2c.c                  0x00000000   Number         0  stm32f10x_i2c.o ABSOLUTE
    Library\stm32f10x_iwdg.c                 0x00000000   Number         0  stm32f10x_iwdg.o ABSOLUTE
    Library\stm32f10x_pwr.c                  0x00000000   Number         0  stm32f10x_pwr.o ABSOLUTE
    Library\stm32f10x_rcc.c                  0x00000000   Number         0  stm32f10x_rcc.o ABSOLUTE
    Library\stm32f10x_rtc.c                  0x00000000   Number         0  stm32f10x_rtc.o ABSOLUTE
    Library\stm32f10x_sdio.c                 0x00000000   Number         0  stm32f10x_sdio.o ABSOLUTE
    Library\stm32f10x_spi.c                  0x00000000   Number         0  stm32f10x_spi.o ABSOLUTE
    Library\stm32f10x_tim.c                  0x00000000   Number         0  stm32f10x_tim.o ABSOLUTE
    Library\stm32f10x_usart.c                0x00000000   Number         0  stm32f10x_usart.o ABSOLUTE
    Library\stm32f10x_wwdg.c                 0x00000000   Number         0  stm32f10x_wwdg.o ABSOLUTE
    Start\\core_cm3.c                        0x00000000   Number         0  core_cm3.o ABSOLUTE
    Start\core_cm3.c                         0x00000000   Number         0  core_cm3.o ABSOLUTE
    Start\startup_stm32f10x_md.s             0x00000000   Number         0  startup_stm32f10x_md.o ABSOLUTE
    Start\system_stm32f10x.c                 0x00000000   Number         0  system_stm32f10x.o ABSOLUTE
    User\INIT.c                              0x00000000   Number         0  init.o ABSOLUTE
    User\delay.c                             0x00000000   Number         0  delay.o ABSOLUTE
    User\main.c                              0x00000000   Number         0  main.o ABSOLUTE
    User\scheduler.c                         0x00000000   Number         0  scheduler.o ABSOLUTE
    User\stm32f10x_it.c                      0x00000000   Number         0  stm32f10x_it.o ABSOLUTE
    User\sys.c                               0x00000000   Number         0  sys.o ABSOLUTE
    cdrcmple.s                               0x00000000   Number         0  cdrcmple.o ABSOLUTE
    cfcmple.s                                0x00000000   Number         0  cfcmple.o ABSOLUTE
    cfrcmple.s                               0x00000000   Number         0  cfrcmple.o ABSOLUTE
    dc.s                                     0x00000000   Number         0  dc.o ABSOLUTE
    handlers.s                               0x00000000   Number         0  handlers.o ABSOLUTE
    init.s                                   0x00000000   Number         0  init.o ABSOLUTE
    RESET                                    0x08000000   Section      236  startup_stm32f10x_md.o(RESET)
    .ARM.Collect$$$$00000000                 0x080000ec   Section        0  entry.o(.ARM.Collect$$$$00000000)
    .ARM.Collect$$$$00000001                 0x080000ec   Section        4  entry2.o(.ARM.Collect$$$$00000001)
    .ARM.Collect$$$$00000004                 0x080000f0   Section        4  entry5.o(.ARM.Collect$$$$00000004)
    .ARM.Collect$$$$00000008                 0x080000f4   Section        0  entry7b.o(.ARM.Collect$$$$00000008)
    .ARM.Collect$$$$0000000A                 0x080000f4   Section        0  entry8b.o(.ARM.Collect$$$$0000000A)
    .ARM.Collect$$$$0000000B                 0x080000f4   Section        8  entry9a.o(.ARM.Collect$$$$0000000B)
    .ARM.Collect$$$$0000000D                 0x080000fc   Section        0  entry10a.o(.ARM.Collect$$$$0000000D)
    .ARM.Collect$$$$0000000F                 0x080000fc   Section        0  entry11a.o(.ARM.Collect$$$$0000000F)
    .ARM.Collect$$$$00002712                 0x080000fc   Section        4  entry2.o(.ARM.Collect$$$$00002712)
    __lit__00000000                          0x080000fc   Data           4  entry2.o(.ARM.Collect$$$$00002712)
    .text                                    0x08000100   Section       36  startup_stm32f10x_md.o(.text)
    .text                                    0x08000124   Section        0  fadd.o(.text)
    .text                                    0x080001d4   Section        0  fmul.o(.text)
    .text                                    0x08000238   Section        0  fdiv.o(.text)
    .text                                    0x080002b4   Section        0  fflti.o(.text)
    .text                                    0x080002c6   Section        0  ffltui.o(.text)
    .text                                    0x080002d0   Section        0  ffixi.o(.text)
    .text                                    0x08000302   Section        0  ffixui.o(.text)
    .text                                    0x0800032a   Section        0  f2d.o(.text)
    .text                                    0x08000350   Section       20  cfcmple.o(.text)
    .text                                    0x08000364   Section       20  cfrcmple.o(.text)
    .text                                    0x08000378   Section        0  uidiv.o(.text)
    .text                                    0x080003a4   Section        0  uldiv.o(.text)
    .text                                    0x08000406   Section        0  iusefp.o(.text)
    .text                                    0x08000406   Section        0  fepilogue.o(.text)
    .text                                    0x08000474   Section        0  dadd.o(.text)
    .text                                    0x080005c2   Section        0  dmul.o(.text)
    .text                                    0x080006a6   Section        0  ddiv.o(.text)
    .text                                    0x08000784   Section        0  dfixul.o(.text)
    .text                                    0x080007b4   Section       48  cdrcmple.o(.text)
    .text                                    0x080007e4   Section       36  init.o(.text)
    .text                                    0x08000808   Section        0  llshl.o(.text)
    .text                                    0x08000826   Section        0  llushr.o(.text)
    .text                                    0x08000846   Section        0  llsshr.o(.text)
    .text                                    0x0800086a   Section        0  depilogue.o(.text)
    i.ADC1_Init                              0x08000924   Section        0  adc.o(i.ADC1_Init)
    i.ADC_ClearFlag                          0x08000998   Section        0  stm32f10x_adc.o(i.ADC_ClearFlag)
    i.ADC_Cmd                                0x0800099e   Section        0  stm32f10x_adc.o(i.ADC_Cmd)
    i.ADC_GPIOInit                           0x080009b4   Section        0  adc.o(i.ADC_GPIOInit)
    i.ADC_GetCalibrationStatus               0x080009d8   Section        0  stm32f10x_adc.o(i.ADC_GetCalibrationStatus)
    i.ADC_GetConversionValue                 0x080009ec   Section        0  stm32f10x_adc.o(i.ADC_GetConversionValue)
    i.ADC_GetFlagStatus                      0x080009f4   Section        0  stm32f10x_adc.o(i.ADC_GetFlagStatus)
    i.ADC_Init                               0x08000a08   Section        0  stm32f10x_adc.o(i.ADC_Init)
    i.ADC_RegularChannelConfig               0x08000a58   Section        0  stm32f10x_adc.o(i.ADC_RegularChannelConfig)
    i.ADC_ResetCalibration                   0x08000b10   Section        0  stm32f10x_adc.o(i.ADC_ResetCalibration)
    i.ADC_SoftwareStartConvCmd               0x08000b1a   Section        0  stm32f10x_adc.o(i.ADC_SoftwareStartConvCmd)
    i.ADC_StartCalibration                   0x08000b30   Section        0  stm32f10x_adc.o(i.ADC_StartCalibration)
    i.ALL_Init                               0x08000b3c   Section        0  init.o(i.ALL_Init)
    i.Analysis_hcsro4                        0x08000b90   Section        0  control.o(i.Analysis_hcsro4)
    i.Analysis_wires                         0x08000bfc   Section        0  control.o(i.Analysis_wires)
    i.BusFault_Handler                       0x08000cf8   Section        0  stm32f10x_it.o(i.BusFault_Handler)
    i.DHT_In                                 0x08000cfc   Section        0  dht.o(i.DHT_In)
    i.DHT_InPut                              0x08000d0c   Section        0  dht.o(i.DHT_InPut)
    i.DHT_Out                                0x08000d30   Section        0  dht.o(i.DHT_Out)
    i.DHT_OutPut                             0x08000d54   Section        0  dht.o(i.DHT_OutPut)
    i.DHT_ReadValue                          0x08000d88   Section        0  dht.o(i.DHT_ReadValue)
    i.DHT_Start                              0x08000e7c   Section        0  dht.o(i.DHT_Start)
    i.DebugMon_Handler                       0x08000ed0   Section        0  stm32f10x_it.o(i.DebugMon_Handler)
    i.Duty_1000ms                            0x08000ed4   Section        0  scheduler.o(i.Duty_1000ms)
    i.Duty_10ms                              0x08000f40   Section        0  scheduler.o(i.Duty_10ms)
    i.Duty_200ms                             0x08000f6c   Section        0  scheduler.o(i.Duty_200ms)
    i.Duty_20ms                              0x08000fe0   Section        0  scheduler.o(i.Duty_20ms)
    i.Duty_2ms                               0x08001008   Section        0  scheduler.o(i.Duty_2ms)
    i.Duty_4ms                               0x08001028   Section        0  scheduler.o(i.Duty_4ms)
    i.Duty_50ms                              0x08001048   Section        0  scheduler.o(i.Duty_50ms)
    i.Duty_6ms                               0x0800106c   Section        0  scheduler.o(i.Duty_6ms)
    i.GPIO_Init                              0x0800108c   Section        0  stm32f10x_gpio.o(i.GPIO_Init)
    i.GPIO_ReadInputDataBit                  0x080011a2   Section        0  stm32f10x_gpio.o(i.GPIO_ReadInputDataBit)
    i.GPIO_ResetBits                         0x080011b4   Section        0  stm32f10x_gpio.o(i.GPIO_ResetBits)
    i.GPIO_SetBits                           0x080011b8   Section        0  stm32f10x_gpio.o(i.GPIO_SetBits)
    i.GPIO_WriteBit                          0x080011bc   Section        0  stm32f10x_gpio.o(i.GPIO_WriteBit)
    i.GetSysTime_us                          0x080011c8   Section        0  delay.o(i.GetSysTime_us)
    i.Get_ADCValue                           0x0800120c   Section        0  adc.o(i.Get_ADCValue)
    i.HCSR04_GetFlag                         0x08001260   Section        0  hcsr04.o(i.HCSR04_GetFlag)
    i.HCSR04_Init                            0x08001308   Section        0  hcsr04.o(i.HCSR04_Init)
    i.HCSR04_Measure                         0x0800143c   Section        0  hcsr04.o(i.HCSR04_Measure)
    i.HardFault_Handler                      0x080014e0   Section        0  stm32f10x_it.o(i.HardFault_Handler)
    i.Hcsr04_Init                            0x080014e4   Section        0  hcsr04.o(i.Hcsr04_Init)
    i.Loop_check                             0x08001514   Section        0  scheduler.o(i.Loop_check)
    i.MemManage_Handler                      0x08001588   Section        0  stm32f10x_it.o(i.MemManage_Handler)
    i.Motor1_Init                            0x0800158c   Section        0  motor.o(i.Motor1_Init)
    i.Motor2_Init                            0x080015d0   Section        0  motor.o(i.Motor2_Init)
    i.Motor_Init                             0x08001614   Section        0  motor.o(i.Motor_Init)
    i.Motor_SetDirection                     0x08001818   Section        0  motor.o(i.Motor_SetDirection)
    i.Motor_SetSpeed                         0x08001848   Section        0  motor.o(i.Motor_SetSpeed)
    i.Motor_SetSpeedWithDirection            0x080018b4   Section        0  motor.o(i.Motor_SetSpeedWithDirection)
    i.Motor_Start                            0x08001954   Section        0  motor.o(i.Motor_Start)
    i.Motor_Stop                             0x0800196a   Section        0  motor.o(i.Motor_Stop)
    i.Motor_ctr_Init                         0x08001980   Section        0  motor.o(i.Motor_ctr_Init)
    i.Motor_ctr_LINE                         0x08001994   Section        0  motor.o(i.Motor_ctr_LINE)
    i.Motor_ctr_PID                          0x080019bc   Section        0  control.o(i.Motor_ctr_PID)
    i.Motor_ctr_TURNLEFT                     0x08001a5c   Section        0  motor.o(i.Motor_ctr_TURNLEFT)
    i.Motor_ctr_TURNRIGHT                    0x08001a84   Section        0  motor.o(i.Motor_ctr_TURNRIGHT)
    i.NMI_Handler                            0x08001aac   Section        0  stm32f10x_it.o(i.NMI_Handler)
    i.NVIC_Init                              0x08001ab0   Section        0  misc.o(i.NVIC_Init)
    i.NVIC_PriorityGroupConfig               0x08001b20   Section        0  misc.o(i.NVIC_PriorityGroupConfig)
    i.PID_Update                             0x08001b34   Section        0  control.o(i.PID_Update)
    i.PendSV_Handler                         0x08001b82   Section        0  stm32f10x_it.o(i.PendSV_Handler)
    i.RCC_APB1PeriphClockCmd                 0x08001b84   Section        0  stm32f10x_rcc.o(i.RCC_APB1PeriphClockCmd)
    i.RCC_APB2PeriphClockCmd                 0x08001ba4   Section        0  stm32f10x_rcc.o(i.RCC_APB2PeriphClockCmd)
    i.RCC_GetClocksFreq                      0x08001bc4   Section        0  stm32f10x_rcc.o(i.RCC_GetClocksFreq)
    i.SVC_Handler                            0x08001c98   Section        0  stm32f10x_it.o(i.SVC_Handler)
    i.SetSysClock                            0x08001c9a   Section        0  system_stm32f10x.o(i.SetSysClock)
    SetSysClock                              0x08001c9b   Thumb Code     8  system_stm32f10x.o(i.SetSysClock)
    i.SetSysClockTo72                        0x08001ca4   Section        0  system_stm32f10x.o(i.SetSysClockTo72)
    SetSysClockTo72                          0x08001ca5   Thumb Code   214  system_stm32f10x.o(i.SetSysClockTo72)
    i.SysTick_Handler                        0x08001d84   Section        0  stm32f10x_it.o(i.SysTick_Handler)
    i.SysTick_IRQ                            0x08001d8c   Section        0  delay.o(i.SysTick_IRQ)
    i.SystemInit                             0x08001dd4   Section        0  system_stm32f10x.o(i.SystemInit)
    i.TIM4_IRQHandler                        0x08001e34   Section        0  usart2.o(i.TIM4_IRQHandler)
    i.TIM4_Set                               0x08001e64   Section        0  usart2.o(i.TIM4_Set)
    i.TIM_ARRPreloadConfig                   0x08001e8c   Section        0  stm32f10x_tim.o(i.TIM_ARRPreloadConfig)
    i.TIM_ClearITPendingBit                  0x08001ea4   Section        0  stm32f10x_tim.o(i.TIM_ClearITPendingBit)
    i.TIM_Cmd                                0x08001eaa   Section        0  stm32f10x_tim.o(i.TIM_Cmd)
    i.TIM_CtrlPWMOutputs                     0x08001ec2   Section        0  stm32f10x_tim.o(i.TIM_CtrlPWMOutputs)
    i.TIM_GetITStatus                        0x08001ee0   Section        0  stm32f10x_tim.o(i.TIM_GetITStatus)
    i.TIM_OC1Init                            0x08001f04   Section        0  stm32f10x_tim.o(i.TIM_OC1Init)
    i.TIM_OC1PreloadConfig                   0x08001f9c   Section        0  stm32f10x_tim.o(i.TIM_OC1PreloadConfig)
    i.TIM_OC2Init                            0x08001fb0   Section        0  stm32f10x_tim.o(i.TIM_OC2Init)
    i.TIM_OC2PreloadConfig                   0x08002054   Section        0  stm32f10x_tim.o(i.TIM_OC2PreloadConfig)
    i.TIM_OC3Init                            0x08002070   Section        0  stm32f10x_tim.o(i.TIM_OC3Init)
    i.TIM_OC3PreloadConfig                   0x08002110   Section        0  stm32f10x_tim.o(i.TIM_OC3PreloadConfig)
    i.TIM_OC4Init                            0x08002124   Section        0  stm32f10x_tim.o(i.TIM_OC4Init)
    i.TIM_OC4PreloadConfig                   0x080021a0   Section        0  stm32f10x_tim.o(i.TIM_OC4PreloadConfig)
    i.TIM_SetCompare1                        0x080021ba   Section        0  stm32f10x_tim.o(i.TIM_SetCompare1)
    i.TIM_SetCounter                         0x080021be   Section        0  stm32f10x_tim.o(i.TIM_SetCounter)
    i.TIM_TimeBaseInit                       0x080021c4   Section        0  stm32f10x_tim.o(i.TIM_TimeBaseInit)
    i.USART1_IRQHandler                      0x08002268   Section        0  uart1.o(i.USART1_IRQHandler)
    i.USART2_IRQHandler                      0x08002350   Section        0  printf.o(i.USART2_IRQHandler)
    i.USART_ClearITPendingBit                0x080023c4   Section        0  stm32f10x_usart.o(i.USART_ClearITPendingBit)
    i.USART_Cmd                              0x080023e2   Section        0  stm32f10x_usart.o(i.USART_Cmd)
    i.USART_GetFlagStatus                    0x080023fa   Section        0  stm32f10x_usart.o(i.USART_GetFlagStatus)
    i.USART_GetITStatus                      0x08002414   Section        0  stm32f10x_usart.o(i.USART_GetITStatus)
    i.USART_ITConfig                         0x08002468   Section        0  stm32f10x_usart.o(i.USART_ITConfig)
    i.USART_Init                             0x080024b4   Section        0  stm32f10x_usart.o(i.USART_Init)
    i.USART_ReceiveData                      0x0800258c   Section        0  stm32f10x_usart.o(i.USART_ReceiveData)
    i.USART_SendData                         0x08002596   Section        0  stm32f10x_usart.o(i.USART_SendData)
    i.UsageFault_Handler                     0x0800259e   Section        0  stm32f10x_it.o(i.UsageFault_Handler)
    i.__0printf                              0x080025a4   Section        0  printfa.o(i.__0printf)
    i.__scatterload_copy                     0x080025c4   Section       14  handlers.o(i.__scatterload_copy)
    i.__scatterload_null                     0x080025d2   Section        2  handlers.o(i.__scatterload_null)
    i.__scatterload_zeroinit                 0x080025d4   Section       14  handlers.o(i.__scatterload_zeroinit)
    i._fp_digits                             0x080025e4   Section        0  printfa.o(i._fp_digits)
    _fp_digits                               0x080025e5   Thumb Code   366  printfa.o(i._fp_digits)
    i._printf_core                           0x08002768   Section        0  printfa.o(i._printf_core)
    _printf_core                             0x08002769   Thumb Code  1744  printfa.o(i._printf_core)
    i._printf_post_padding                   0x08002e44   Section        0  printfa.o(i._printf_post_padding)
    _printf_post_padding                     0x08002e45   Thumb Code    36  printfa.o(i._printf_post_padding)
    i._printf_pre_padding                    0x08002e68   Section        0  printfa.o(i._printf_pre_padding)
    _printf_pre_padding                      0x08002e69   Thumb Code    46  printfa.o(i._printf_pre_padding)
    i.cycleCounterInit                       0x08002e98   Section        0  delay.o(i.cycleCounterInit)
    i.delay_ms                               0x08002ebc   Section        0  delay.o(i.delay_ms)
    i.delay_us                               0x08002eec   Section        0  delay.o(i.delay_us)
    i.fputc                                  0x08002f08   Section        0  printf.o(i.fputc)
    i.gpio_engin_init                        0x08002f2c   Section        0  engin.o(i.gpio_engin_init)
    i.gpio_uart2_init                        0x08002f58   Section        0  printf.o(i.gpio_uart2_init)
    i.main                                   0x08002f98   Section        0  main.o(i.main)
    i.main_loop                              0x0800300c   Section        0  scheduler.o(i.main_loop)
    i.motor_mod                              0x080030c4   Section        0  control.o(i.motor_mod)
    i.printf_init                            0x080030e8   Section        0  printf.o(i.printf_init)
    i.servo_set_angle                        0x0800315c   Section        0  engin.o(i.servo_set_angle)
    i.tim1_init                              0x08003224   Section        0  engin.o(i.tim1_init)
    i.uart_init                              0x080032b0   Section        0  uart1.o(i.uart_init)
    .data                                    0x20000000   Section       20  system_stm32f10x.o(.data)
    .data                                    0x20000014   Section       20  stm32f10x_rcc.o(.data)
    APBAHBPrescTable                         0x20000014   Data          16  stm32f10x_rcc.o(.data)
    ADCPrescTable                            0x20000024   Data           4  stm32f10x_rcc.o(.data)
    .data                                    0x20000028   Section        5  init.o(.data)
    .data                                    0x20000030   Section       10  delay.o(.data)
    usTicks                                  0x20000030   Data           4  delay.o(.data)
    cnt                                      0x20000039   Data           1  delay.o(.data)
    .data                                    0x2000003c   Section        8  printf.o(.data)
    i                                        0x20000040   Data           4  printf.o(.data)
    .data                                    0x20000044   Section        4  uart1.o(.data)
    .data                                    0x20000048   Section        2  usart2.o(.data)
    .data                                    0x2000004c   Section        4  usart.o(.data)
    .data                                    0x20000050   Section        5  hcsr04.o(.data)
    .data                                    0x20000056   Section        5  engin.o(.data)
    flag                                     0x2000005a   Data           1  engin.o(.data)
    .data                                    0x2000005c   Section        8  dht.o(.data)
    .data                                    0x20000064   Section        4  adc.o(.data)
    .data                                    0x20000068   Section       36  control.o(.data)
    .bss                                     0x2000008c   Section       60  scheduler.o(.bss)
    .bss                                     0x200000c8   Section      128  printf.o(.bss)
    .bss                                     0x20000148   Section       64  uart1.o(.bss)
    .bss                                     0x20000188   Section       28  hcsr04.o(.bss)
    .bss                                     0x200001a4   Section       64  motor.o(.bss)
    STACK                                    0x200001e8   Section     1024  startup_stm32f10x_md.o(STACK)

    Global Symbols

    Symbol Name                              Value     Ov Type        Size  Object(Section)

    BuildAttributes$$THM_ISAv4$P$D$K$B$S$PE$A:L22UL41UL21$X:L11$S22US41US21$IEEE1$IW$USESV6$~STKCKD$USESV7$~SHL$OTIME$ROPI$EBA8$MICROLIB$REQ8$PRES8$EABIv2 0x00000000   Number         0  anon$$obj.o ABSOLUTE
    __ARM_use_no_argv                        0x00000000   Number         0  main.o ABSOLUTE
    __use_no_errno                           0x00000000   Number         0  useno.o ABSOLUTE
    __use_no_exception_handling              0x00000000   Number         0  useno.o ABSOLUTE
    __use_no_fp                              0x00000000   Number         0  useno.o ABSOLUTE
    __use_no_heap                            0x00000000   Number         0  useno.o ABSOLUTE
    __use_no_heap_region                     0x00000000   Number         0  useno.o ABSOLUTE
    __use_no_semihosting                     0x00000000   Number         0  useno.o ABSOLUTE
    __use_no_semihosting_swi                 0x00000000   Number         0  useno.o ABSOLUTE
    __use_no_signal_handling                 0x00000000   Number         0  useno.o ABSOLUTE
    _printf_a                                0x00000000   Number         0  stubs.o ABSOLUTE
    _printf_c                                0x00000000   Number         0  stubs.o ABSOLUTE
    _printf_charcount                        0x00000000   Number         0  stubs.o ABSOLUTE
    _printf_d                                0x00000000   Number         0  stubs.o ABSOLUTE
    _printf_e                                0x00000000   Number         0  stubs.o ABSOLUTE
    _printf_f                                0x00000000   Number         0  stubs.o ABSOLUTE
    _printf_flags                            0x00000000   Number         0  stubs.o ABSOLUTE
    _printf_fp_dec                           0x00000000   Number         0  stubs.o ABSOLUTE
    _printf_fp_hex                           0x00000000   Number         0  stubs.o ABSOLUTE
    _printf_g                                0x00000000   Number         0  stubs.o ABSOLUTE
    _printf_i                                0x00000000   Number         0  stubs.o ABSOLUTE
    _printf_int_dec                          0x00000000   Number         0  stubs.o ABSOLUTE
    _printf_l                                0x00000000   Number         0  stubs.o ABSOLUTE
    _printf_lc                               0x00000000   Number         0  stubs.o ABSOLUTE
    _printf_ll                               0x00000000   Number         0  stubs.o ABSOLUTE
    _printf_lld                              0x00000000   Number         0  stubs.o ABSOLUTE
    _printf_lli                              0x00000000   Number         0  stubs.o ABSOLUTE
    _printf_llo                              0x00000000   Number         0  stubs.o ABSOLUTE
    _printf_llu                              0x00000000   Number         0  stubs.o ABSOLUTE
    _printf_llx                              0x00000000   Number         0  stubs.o ABSOLUTE
    _printf_longlong_dec                     0x00000000   Number         0  stubs.o ABSOLUTE
    _printf_longlong_hex                     0x00000000   Number         0  stubs.o ABSOLUTE
    _printf_longlong_oct                     0x00000000   Number         0  stubs.o ABSOLUTE
    _printf_ls                               0x00000000   Number         0  stubs.o ABSOLUTE
    _printf_mbtowc                           0x00000000   Number         0  stubs.o ABSOLUTE
    _printf_n                                0x00000000   Number         0  stubs.o ABSOLUTE
    _printf_o                                0x00000000   Number         0  stubs.o ABSOLUTE
    _printf_p                                0x00000000   Number         0  stubs.o ABSOLUTE
    _printf_percent                          0x00000000   Number         0  stubs.o ABSOLUTE
    _printf_pre_padding                      0x00000000   Number         0  stubs.o ABSOLUTE
    _printf_return_value                     0x00000000   Number         0  stubs.o ABSOLUTE
    _printf_s                                0x00000000   Number         0  stubs.o ABSOLUTE
    _printf_sizespec                         0x00000000   Number         0  stubs.o ABSOLUTE
    _printf_str                              0x00000000   Number         0  stubs.o ABSOLUTE
    _printf_truncate_signed                  0x00000000   Number         0  stubs.o ABSOLUTE
    _printf_truncate_unsigned                0x00000000   Number         0  stubs.o ABSOLUTE
    _printf_u                                0x00000000   Number         0  stubs.o ABSOLUTE
    _printf_wc                               0x00000000   Number         0  stubs.o ABSOLUTE
    _printf_wctomb                           0x00000000   Number         0  stubs.o ABSOLUTE
    _printf_widthprec                        0x00000000   Number         0  stubs.o ABSOLUTE
    _printf_x                                0x00000000   Number         0  stubs.o ABSOLUTE
    __cpp_initialize__aeabi_                  - Undefined Weak Reference
    __cxa_finalize                            - Undefined Weak Reference
    __decompress                              - Undefined Weak Reference
    _clock_init                               - Undefined Weak Reference
    _microlib_exit                            - Undefined Weak Reference
    __Vectors_Size                           0x000000ec   Number         0  startup_stm32f10x_md.o ABSOLUTE
    __Vectors                                0x08000000   Data           4  startup_stm32f10x_md.o(RESET)
    __Vectors_End                            0x080000ec   Data           0  startup_stm32f10x_md.o(RESET)
    __main                                   0x080000ed   Thumb Code     0  entry.o(.ARM.Collect$$$$00000000)
    _main_stk                                0x080000ed   Thumb Code     0  entry2.o(.ARM.Collect$$$$00000001)
    _main_scatterload                        0x080000f1   Thumb Code     0  entry5.o(.ARM.Collect$$$$00000004)
    __main_after_scatterload                 0x080000f5   Thumb Code     0  entry5.o(.ARM.Collect$$$$00000004)
    _main_clock                              0x080000f5   Thumb Code     0  entry7b.o(.ARM.Collect$$$$00000008)
    _main_cpp_init                           0x080000f5   Thumb Code     0  entry8b.o(.ARM.Collect$$$$0000000A)
    _main_init                               0x080000f5   Thumb Code     0  entry9a.o(.ARM.Collect$$$$0000000B)
    __rt_final_cpp                           0x080000fd   Thumb Code     0  entry10a.o(.ARM.Collect$$$$0000000D)
    __rt_final_exit                          0x080000fd   Thumb Code     0  entry11a.o(.ARM.Collect$$$$0000000F)
    Reset_Handler                            0x08000101   Thumb Code     8  startup_stm32f10x_md.o(.text)
    ADC1_2_IRQHandler                        0x0800011b   Thumb Code     0  startup_stm32f10x_md.o(.text)
    CAN1_RX1_IRQHandler                      0x0800011b   Thumb Code     0  startup_stm32f10x_md.o(.text)
    CAN1_SCE_IRQHandler                      0x0800011b   Thumb Code     0  startup_stm32f10x_md.o(.text)
    DMA1_Channel1_IRQHandler                 0x0800011b   Thumb Code     0  startup_stm32f10x_md.o(.text)
    DMA1_Channel2_IRQHandler                 0x0800011b   Thumb Code     0  startup_stm32f10x_md.o(.text)
    DMA1_Channel3_IRQHandler                 0x0800011b   Thumb Code     0  startup_stm32f10x_md.o(.text)
    DMA1_Channel4_IRQHandler                 0x0800011b   Thumb Code     0  startup_stm32f10x_md.o(.text)
    DMA1_Channel5_IRQHandler                 0x0800011b   Thumb Code     0  startup_stm32f10x_md.o(.text)
    DMA1_Channel6_IRQHandler                 0x0800011b   Thumb Code     0  startup_stm32f10x_md.o(.text)
    DMA1_Channel7_IRQHandler                 0x0800011b   Thumb Code     0  startup_stm32f10x_md.o(.text)
    EXTI0_IRQHandler                         0x0800011b   Thumb Code     0  startup_stm32f10x_md.o(.text)
    EXTI15_10_IRQHandler                     0x0800011b   Thumb Code     0  startup_stm32f10x_md.o(.text)
    EXTI1_IRQHandler                         0x0800011b   Thumb Code     0  startup_stm32f10x_md.o(.text)
    EXTI2_IRQHandler                         0x0800011b   Thumb Code     0  startup_stm32f10x_md.o(.text)
    EXTI3_IRQHandler                         0x0800011b   Thumb Code     0  startup_stm32f10x_md.o(.text)
    EXTI4_IRQHandler                         0x0800011b   Thumb Code     0  startup_stm32f10x_md.o(.text)
    EXTI9_5_IRQHandler                       0x0800011b   Thumb Code     0  startup_stm32f10x_md.o(.text)
    FLASH_IRQHandler                         0x0800011b   Thumb Code     0  startup_stm32f10x_md.o(.text)
    I2C1_ER_IRQHandler                       0x0800011b   Thumb Code     0  startup_stm32f10x_md.o(.text)
    I2C1_EV_IRQHandler                       0x0800011b   Thumb Code     0  startup_stm32f10x_md.o(.text)
    I2C2_ER_IRQHandler                       0x0800011b   Thumb Code     0  startup_stm32f10x_md.o(.text)
    I2C2_EV_IRQHandler                       0x0800011b   Thumb Code     0  startup_stm32f10x_md.o(.text)
    PVD_IRQHandler                           0x0800011b   Thumb Code     0  startup_stm32f10x_md.o(.text)
    RCC_IRQHandler                           0x0800011b   Thumb Code     0  startup_stm32f10x_md.o(.text)
    RTCAlarm_IRQHandler                      0x0800011b   Thumb Code     0  startup_stm32f10x_md.o(.text)
    RTC_IRQHandler                           0x0800011b   Thumb Code     0  startup_stm32f10x_md.o(.text)
    SPI1_IRQHandler                          0x0800011b   Thumb Code     0  startup_stm32f10x_md.o(.text)
    SPI2_IRQHandler                          0x0800011b   Thumb Code     0  startup_stm32f10x_md.o(.text)
    TAMPER_IRQHandler                        0x0800011b   Thumb Code     0  startup_stm32f10x_md.o(.text)
    TIM1_BRK_IRQHandler                      0x0800011b   Thumb Code     0  startup_stm32f10x_md.o(.text)
    TIM1_CC_IRQHandler                       0x0800011b   Thumb Code     0  startup_stm32f10x_md.o(.text)
    TIM1_TRG_COM_IRQHandler                  0x0800011b   Thumb Code     0  startup_stm32f10x_md.o(.text)
    TIM1_UP_IRQHandler                       0x0800011b   Thumb Code     0  startup_stm32f10x_md.o(.text)
    TIM2_IRQHandler                          0x0800011b   Thumb Code     0  startup_stm32f10x_md.o(.text)
    TIM3_IRQHandler                          0x0800011b   Thumb Code     0  startup_stm32f10x_md.o(.text)
    USART3_IRQHandler                        0x0800011b   Thumb Code     0  startup_stm32f10x_md.o(.text)
    USBWakeUp_IRQHandler                     0x0800011b   Thumb Code     0  startup_stm32f10x_md.o(.text)
    USB_HP_CAN1_TX_IRQHandler                0x0800011b   Thumb Code     0  startup_stm32f10x_md.o(.text)
    USB_LP_CAN1_RX0_IRQHandler               0x0800011b   Thumb Code     0  startup_stm32f10x_md.o(.text)
    WWDG_IRQHandler                          0x0800011b   Thumb Code     0  startup_stm32f10x_md.o(.text)
    __aeabi_fadd                             0x08000125   Thumb Code   164  fadd.o(.text)
    __aeabi_fsub                             0x080001c9   Thumb Code     6  fadd.o(.text)
    __aeabi_frsub                            0x080001cf   Thumb Code     6  fadd.o(.text)
    __aeabi_fmul                             0x080001d5   Thumb Code   100  fmul.o(.text)
    __aeabi_fdiv                             0x08000239   Thumb Code   124  fdiv.o(.text)
    __aeabi_i2f                              0x080002b5   Thumb Code    18  fflti.o(.text)
    __aeabi_ui2f                             0x080002c7   Thumb Code    10  ffltui.o(.text)
    __aeabi_f2iz                             0x080002d1   Thumb Code    50  ffixi.o(.text)
    __aeabi_f2uiz                            0x08000303   Thumb Code    40  ffixui.o(.text)
    __aeabi_f2d                              0x0800032b   Thumb Code    38  f2d.o(.text)
    __aeabi_cfcmpeq                          0x08000351   Thumb Code     0  cfcmple.o(.text)
    __aeabi_cfcmple                          0x08000351   Thumb Code    20  cfcmple.o(.text)
    __aeabi_cfrcmple                         0x08000365   Thumb Code    20  cfrcmple.o(.text)
    __aeabi_uidiv                            0x08000379   Thumb Code     0  uidiv.o(.text)
    __aeabi_uidivmod                         0x08000379   Thumb Code    44  uidiv.o(.text)
    __aeabi_uldivmod                         0x080003a5   Thumb Code    98  uldiv.o(.text)
    __I$use$fp                               0x08000407   Thumb Code     0  iusefp.o(.text)
    _float_round                             0x08000407   Thumb Code    18  fepilogue.o(.text)
    _float_epilogue                          0x08000419   Thumb Code    92  fepilogue.o(.text)
    __aeabi_dadd                             0x08000475   Thumb Code   322  dadd.o(.text)
    __aeabi_dsub                             0x080005b7   Thumb Code     6  dadd.o(.text)
    __aeabi_drsub                            0x080005bd   Thumb Code     6  dadd.o(.text)
    __aeabi_dmul                             0x080005c3   Thumb Code   228  dmul.o(.text)
    __aeabi_ddiv                             0x080006a7   Thumb Code   222  ddiv.o(.text)
    __aeabi_d2ulz                            0x08000785   Thumb Code    48  dfixul.o(.text)
    __aeabi_cdrcmple                         0x080007b5   Thumb Code    48  cdrcmple.o(.text)
    __scatterload                            0x080007e5   Thumb Code    28  init.o(.text)
    __scatterload_rt2                        0x080007e5   Thumb Code     0  init.o(.text)
    __aeabi_llsl                             0x08000809   Thumb Code    30  llshl.o(.text)
    _ll_shift_l                              0x08000809   Thumb Code     0  llshl.o(.text)
    __aeabi_llsr                             0x08000827   Thumb Code    32  llushr.o(.text)
    _ll_ushift_r                             0x08000827   Thumb Code     0  llushr.o(.text)
    __aeabi_lasr                             0x08000847   Thumb Code    36  llsshr.o(.text)
    _ll_sshift_r                             0x08000847   Thumb Code     0  llsshr.o(.text)
    _double_round                            0x0800086b   Thumb Code    30  depilogue.o(.text)
    _double_epilogue                         0x08000889   Thumb Code   156  depilogue.o(.text)
    ADC1_Init                                0x08000925   Thumb Code   110  adc.o(i.ADC1_Init)
    ADC_ClearFlag                            0x08000999   Thumb Code     6  stm32f10x_adc.o(i.ADC_ClearFlag)
    ADC_Cmd                                  0x0800099f   Thumb Code    22  stm32f10x_adc.o(i.ADC_Cmd)
    ADC_GPIOInit                             0x080009b5   Thumb Code    32  adc.o(i.ADC_GPIOInit)
    ADC_GetCalibrationStatus                 0x080009d9   Thumb Code    20  stm32f10x_adc.o(i.ADC_GetCalibrationStatus)
    ADC_GetConversionValue                   0x080009ed   Thumb Code     8  stm32f10x_adc.o(i.ADC_GetConversionValue)
    ADC_GetFlagStatus                        0x080009f5   Thumb Code    18  stm32f10x_adc.o(i.ADC_GetFlagStatus)
    ADC_Init                                 0x08000a09   Thumb Code    70  stm32f10x_adc.o(i.ADC_Init)
    ADC_RegularChannelConfig                 0x08000a59   Thumb Code   184  stm32f10x_adc.o(i.ADC_RegularChannelConfig)
    ADC_ResetCalibration                     0x08000b11   Thumb Code    10  stm32f10x_adc.o(i.ADC_ResetCalibration)
    ADC_SoftwareStartConvCmd                 0x08000b1b   Thumb Code    22  stm32f10x_adc.o(i.ADC_SoftwareStartConvCmd)
    ADC_StartCalibration                     0x08000b31   Thumb Code    10  stm32f10x_adc.o(i.ADC_StartCalibration)
    ALL_Init                                 0x08000b3d   Thumb Code    72  init.o(i.ALL_Init)
    Analysis_hcsro4                          0x08000b91   Thumb Code    66  control.o(i.Analysis_hcsro4)
    Analysis_wires                           0x08000bfd   Thumb Code   208  control.o(i.Analysis_wires)
    BusFault_Handler                         0x08000cf9   Thumb Code     4  stm32f10x_it.o(i.BusFault_Handler)
    DHT_In                                   0x08000cfd   Thumb Code    12  dht.o(i.DHT_In)
    DHT_InPut                                0x08000d0d   Thumb Code    32  dht.o(i.DHT_InPut)
    DHT_Out                                  0x08000d31   Thumb Code    32  dht.o(i.DHT_Out)
    DHT_OutPut                               0x08000d55   Thumb Code    48  dht.o(i.DHT_OutPut)
    DHT_ReadValue                            0x08000d89   Thumb Code   200  dht.o(i.DHT_ReadValue)
    DHT_Start                                0x08000e7d   Thumb Code    84  dht.o(i.DHT_Start)
    DebugMon_Handler                         0x08000ed1   Thumb Code     2  stm32f10x_it.o(i.DebugMon_Handler)
    Duty_1000ms                              0x08000ed5   Thumb Code    58  scheduler.o(i.Duty_1000ms)
    Duty_10ms                                0x08000f41   Thumb Code    32  scheduler.o(i.Duty_10ms)
    Duty_200ms                               0x08000f6d   Thumb Code    62  scheduler.o(i.Duty_200ms)
    Duty_20ms                                0x08000fe1   Thumb Code    34  scheduler.o(i.Duty_20ms)
    Duty_2ms                                 0x08001009   Thumb Code    26  scheduler.o(i.Duty_2ms)
    Duty_4ms                                 0x08001029   Thumb Code    26  scheduler.o(i.Duty_4ms)
    Duty_50ms                                0x08001049   Thumb Code    30  scheduler.o(i.Duty_50ms)
    Duty_6ms                                 0x0800106d   Thumb Code    26  scheduler.o(i.Duty_6ms)
    GPIO_Init                                0x0800108d   Thumb Code   278  stm32f10x_gpio.o(i.GPIO_Init)
    GPIO_ReadInputDataBit                    0x080011a3   Thumb Code    18  stm32f10x_gpio.o(i.GPIO_ReadInputDataBit)
    GPIO_ResetBits                           0x080011b5   Thumb Code     4  stm32f10x_gpio.o(i.GPIO_ResetBits)
    GPIO_SetBits                             0x080011b9   Thumb Code     4  stm32f10x_gpio.o(i.GPIO_SetBits)
    GPIO_WriteBit                            0x080011bd   Thumb Code    10  stm32f10x_gpio.o(i.GPIO_WriteBit)
    GetSysTime_us                            0x080011c9   Thumb Code    58  delay.o(i.GetSysTime_us)
    Get_ADCValue                             0x0800120d   Thumb Code    70  adc.o(i.Get_ADCValue)
    HCSR04_GetFlag                           0x08001261   Thumb Code   152  hcsr04.o(i.HCSR04_GetFlag)
    HCSR04_Init                              0x08001309   Thumb Code   284  hcsr04.o(i.HCSR04_Init)
    HCSR04_Measure                           0x0800143d   Thumb Code   152  hcsr04.o(i.HCSR04_Measure)
    HardFault_Handler                        0x080014e1   Thumb Code     4  stm32f10x_it.o(i.HardFault_Handler)
    Hcsr04_Init                              0x080014e5   Thumb Code    38  hcsr04.o(i.Hcsr04_Init)
    Loop_check                               0x08001515   Thumb Code   112  scheduler.o(i.Loop_check)
    MemManage_Handler                        0x08001589   Thumb Code     4  stm32f10x_it.o(i.MemManage_Handler)
    Motor1_Init                              0x0800158d   Thumb Code    52  motor.o(i.Motor1_Init)
    Motor2_Init                              0x080015d1   Thumb Code    52  motor.o(i.Motor2_Init)
    Motor_Init                               0x08001615   Thumb Code   492  motor.o(i.Motor_Init)
    Motor_SetDirection                       0x08001819   Thumb Code    46  motor.o(i.Motor_SetDirection)
    Motor_SetSpeed                           0x08001849   Thumb Code    98  motor.o(i.Motor_SetSpeed)
    Motor_SetSpeedWithDirection              0x080018b5   Thumb Code   150  motor.o(i.Motor_SetSpeedWithDirection)
    Motor_Start                              0x08001955   Thumb Code    22  motor.o(i.Motor_Start)
    Motor_Stop                               0x0800196b   Thumb Code    22  motor.o(i.Motor_Stop)
    Motor_ctr_Init                           0x08001981   Thumb Code    12  motor.o(i.Motor_ctr_Init)
    Motor_ctr_LINE                           0x08001995   Thumb Code    32  motor.o(i.Motor_ctr_LINE)
    Motor_ctr_PID                            0x080019bd   Thumb Code   136  control.o(i.Motor_ctr_PID)
    Motor_ctr_TURNLEFT                       0x08001a5d   Thumb Code    32  motor.o(i.Motor_ctr_TURNLEFT)
    Motor_ctr_TURNRIGHT                      0x08001a85   Thumb Code    32  motor.o(i.Motor_ctr_TURNRIGHT)
    NMI_Handler                              0x08001aad   Thumb Code     2  stm32f10x_it.o(i.NMI_Handler)
    NVIC_Init                                0x08001ab1   Thumb Code   100  misc.o(i.NVIC_Init)
    NVIC_PriorityGroupConfig                 0x08001b21   Thumb Code    10  misc.o(i.NVIC_PriorityGroupConfig)
    PID_Update                               0x08001b35   Thumb Code    78  control.o(i.PID_Update)
    PendSV_Handler                           0x08001b83   Thumb Code     2  stm32f10x_it.o(i.PendSV_Handler)
    RCC_APB1PeriphClockCmd                   0x08001b85   Thumb Code    26  stm32f10x_rcc.o(i.RCC_APB1PeriphClockCmd)
    RCC_APB2PeriphClockCmd                   0x08001ba5   Thumb Code    26  stm32f10x_rcc.o(i.RCC_APB2PeriphClockCmd)
    RCC_GetClocksFreq                        0x08001bc5   Thumb Code   192  stm32f10x_rcc.o(i.RCC_GetClocksFreq)
    SVC_Handler                              0x08001c99   Thumb Code     2  stm32f10x_it.o(i.SVC_Handler)
    SysTick_Handler                          0x08001d85   Thumb Code     8  stm32f10x_it.o(i.SysTick_Handler)
    SysTick_IRQ                              0x08001d8d   Thumb Code    60  delay.o(i.SysTick_IRQ)
    SystemInit                               0x08001dd5   Thumb Code    78  system_stm32f10x.o(i.SystemInit)
    TIM4_IRQHandler                          0x08001e35   Thumb Code    40  usart2.o(i.TIM4_IRQHandler)
    TIM4_Set                                 0x08001e65   Thumb Code    34  usart2.o(i.TIM4_Set)
    TIM_ARRPreloadConfig                     0x08001e8d   Thumb Code    24  stm32f10x_tim.o(i.TIM_ARRPreloadConfig)
    TIM_ClearITPendingBit                    0x08001ea5   Thumb Code     6  stm32f10x_tim.o(i.TIM_ClearITPendingBit)
    TIM_Cmd                                  0x08001eab   Thumb Code    24  stm32f10x_tim.o(i.TIM_Cmd)
    TIM_CtrlPWMOutputs                       0x08001ec3   Thumb Code    30  stm32f10x_tim.o(i.TIM_CtrlPWMOutputs)
    TIM_GetITStatus                          0x08001ee1   Thumb Code    34  stm32f10x_tim.o(i.TIM_GetITStatus)
    TIM_OC1Init                              0x08001f05   Thumb Code   132  stm32f10x_tim.o(i.TIM_OC1Init)
    TIM_OC1PreloadConfig                     0x08001f9d   Thumb Code    18  stm32f10x_tim.o(i.TIM_OC1PreloadConfig)
    TIM_OC2Init                              0x08001fb1   Thumb Code   154  stm32f10x_tim.o(i.TIM_OC2Init)
    TIM_OC2PreloadConfig                     0x08002055   Thumb Code    26  stm32f10x_tim.o(i.TIM_OC2PreloadConfig)
    TIM_OC3Init                              0x08002071   Thumb Code   150  stm32f10x_tim.o(i.TIM_OC3Init)
    TIM_OC3PreloadConfig                     0x08002111   Thumb Code    18  stm32f10x_tim.o(i.TIM_OC3PreloadConfig)
    TIM_OC4Init                              0x08002125   Thumb Code   114  stm32f10x_tim.o(i.TIM_OC4Init)
    TIM_OC4PreloadConfig                     0x080021a1   Thumb Code    26  stm32f10x_tim.o(i.TIM_OC4PreloadConfig)
    TIM_SetCompare1                          0x080021bb   Thumb Code     4  stm32f10x_tim.o(i.TIM_SetCompare1)
    TIM_SetCounter                           0x080021bf   Thumb Code     4  stm32f10x_tim.o(i.TIM_SetCounter)
    TIM_TimeBaseInit                         0x080021c5   Thumb Code   122  stm32f10x_tim.o(i.TIM_TimeBaseInit)
    USART1_IRQHandler                        0x08002269   Thumb Code   208  uart1.o(i.USART1_IRQHandler)
    USART2_IRQHandler                        0x08002351   Thumb Code    98  printf.o(i.USART2_IRQHandler)
    USART_ClearITPendingBit                  0x080023c5   Thumb Code    30  stm32f10x_usart.o(i.USART_ClearITPendingBit)
    USART_Cmd                                0x080023e3   Thumb Code    24  stm32f10x_usart.o(i.USART_Cmd)
    USART_GetFlagStatus                      0x080023fb   Thumb Code    26  stm32f10x_usart.o(i.USART_GetFlagStatus)
    USART_GetITStatus                        0x08002415   Thumb Code    84  stm32f10x_usart.o(i.USART_GetITStatus)
    USART_ITConfig                           0x08002469   Thumb Code    74  stm32f10x_usart.o(i.USART_ITConfig)
    USART_Init                               0x080024b5   Thumb Code   210  stm32f10x_usart.o(i.USART_Init)
    USART_ReceiveData                        0x0800258d   Thumb Code    10  stm32f10x_usart.o(i.USART_ReceiveData)
    USART_SendData                           0x08002597   Thumb Code     8  stm32f10x_usart.o(i.USART_SendData)
    UsageFault_Handler                       0x0800259f   Thumb Code     4  stm32f10x_it.o(i.UsageFault_Handler)
    __0printf                                0x080025a5   Thumb Code    22  printfa.o(i.__0printf)
    __1printf                                0x080025a5   Thumb Code     0  printfa.o(i.__0printf)
    __2printf                                0x080025a5   Thumb Code     0  printfa.o(i.__0printf)
    __c89printf                              0x080025a5   Thumb Code     0  printfa.o(i.__0printf)
    printf                                   0x080025a5   Thumb Code     0  printfa.o(i.__0printf)
    __scatterload_copy                       0x080025c5   Thumb Code    14  handlers.o(i.__scatterload_copy)
    __scatterload_null                       0x080025d3   Thumb Code     2  handlers.o(i.__scatterload_null)
    __scatterload_zeroinit                   0x080025d5   Thumb Code    14  handlers.o(i.__scatterload_zeroinit)
    cycleCounterInit                         0x08002e99   Thumb Code    26  delay.o(i.cycleCounterInit)
    delay_ms                                 0x08002ebd   Thumb Code    44  delay.o(i.delay_ms)
    delay_us                                 0x08002eed   Thumb Code    26  delay.o(i.delay_us)
    fputc                                    0x08002f09   Thumb Code    32  printf.o(i.fputc)
    gpio_engin_init                          0x08002f2d   Thumb Code    40  engin.o(i.gpio_engin_init)
    gpio_uart2_init                          0x08002f59   Thumb Code    58  printf.o(i.gpio_uart2_init)
    main                                     0x08002f99   Thumb Code   104  main.o(i.main)
    main_loop                                0x0800300d   Thumb Code   180  scheduler.o(i.main_loop)
    motor_mod                                0x080030c5   Thumb Code    32  control.o(i.motor_mod)
    printf_init                              0x080030e9   Thumb Code   110  printf.o(i.printf_init)
    servo_set_angle                          0x0800315d   Thumb Code   164  engin.o(i.servo_set_angle)
    tim1_init                                0x08003225   Thumb Code   136  engin.o(i.tim1_init)
    uart_init                                0x080032b1   Thumb Code   158  uart1.o(i.uart_init)
    Region$$Table$$Base                      0x08003358   Number         0  anon$$obj.o(Region$$Table)
    Region$$Table$$Limit                     0x08003378   Number         0  anon$$obj.o(Region$$Table)
    SystemCoreClock                          0x20000000   Data           4  system_stm32f10x.o(.data)
    AHBPrescTable                            0x20000004   Data          16  system_stm32f10x.o(.data)
    SysTick_count                            0x20000028   Data           4  init.o(.data)
    spl_flag                                 0x2000002c   Data           1  init.o(.data)
    SysTick_count22                          0x20000034   Data           4  delay.o(.data)
    sys_init_ok                              0x20000038   Data           1  delay.o(.data)
    flag                                     0x2000003c   Data           4  printf.o(.data)
    recv_index                               0x20000044   Data           1  uart1.o(.data)
    recv_flag                                0x20000045   Data           1  uart1.o(.data)
    last_cmd                                 0x20000046   Data           1  uart1.o(.data)
    wires                                    0x20000047   Data           1  uart1.o(.data)
    USART2_RX_STA                            0x20000048   Data           2  usart2.o(.data)
    __stdout                                 0x2000004c   Data           4  usart.o(.data)
    hcsr04_distance                          0x20000050   Data           4  hcsr04.o(.data)
    hcsr04_flag                              0x20000054   Data           1  hcsr04.o(.data)
    engin_flag                               0x20000056   Data           1  engin.o(.data)
    angle                                    0x20000058   Data           2  engin.o(.data)
    temp                                     0x2000005c   Data           4  dht.o(.data)
    humi                                     0x20000060   Data           4  dht.o(.data)
    adc_num                                  0x20000064   Data           4  adc.o(.data)
    moter_com                                0x20000068   Data           1  control.o(.data)
    mod                                      0x2000006c   Data           4  control.o(.data)
    turn_l                                   0x20000070   Data           4  control.o(.data)
    turn_r                                   0x20000074   Data           4  control.o(.data)
    turn_pid                                 0x20000078   Data          20  control.o(.data)
    loop                                     0x2000008c   Data          20  scheduler.o(.bss)
    time                                     0x200000a0   Data          40  scheduler.o(.bss)
    buf                                      0x200000c8   Data         128  printf.o(.bss)
    recv_buf                                 0x20000148   Data          64  uart1.o(.bss)
    hcsr04                                   0x20000188   Data          28  hcsr04.o(.bss)
    motor_R                                  0x200001a4   Data          32  motor.o(.bss)
    motor_L                                  0x200001c4   Data          32  motor.o(.bss)
    __initial_sp                             0x200005e8   Data           0  startup_stm32f10x_md.o(STACK)



==============================================================================

Memory Map of the image

  Image Entry point : 0x080000ed

  Load Region LR_IROM1 (Base: 0x08000000, Size: 0x00003404, Max: 0x00010000, ABSOLUTE)

    Execution Region ER_IROM1 (Base: 0x08000000, Size: 0x00003378, Max: 0x00010000, ABSOLUTE)

    Base Addr    Size         Type   Attr      Idx    E Section Name        Object

    0x08000000   0x000000ec   Data   RO            3    RESET               startup_stm32f10x_md.o
    0x080000ec   0x00000000   Code   RO         4059  * .ARM.Collect$$$$00000000  mc_w.l(entry.o)
    0x080000ec   0x00000004   Code   RO         4349    .ARM.Collect$$$$00000001  mc_w.l(entry2.o)
    0x080000f0   0x00000004   Code   RO         4352    .ARM.Collect$$$$00000004  mc_w.l(entry5.o)
    0x080000f4   0x00000000   Code   RO         4354    .ARM.Collect$$$$00000008  mc_w.l(entry7b.o)
    0x080000f4   0x00000000   Code   RO         4356    .ARM.Collect$$$$0000000A  mc_w.l(entry8b.o)
    0x080000f4   0x00000008   Code   RO         4357    .ARM.Collect$$$$0000000B  mc_w.l(entry9a.o)
    0x080000fc   0x00000000   Code   RO         4359    .ARM.Collect$$$$0000000D  mc_w.l(entry10a.o)
    0x080000fc   0x00000000   Code   RO         4361    .ARM.Collect$$$$0000000F  mc_w.l(entry11a.o)
    0x080000fc   0x00000004   Code   RO         4350    .ARM.Collect$$$$00002712  mc_w.l(entry2.o)
    0x08000100   0x00000024   Code   RO            4    .text               startup_stm32f10x_md.o
    0x08000124   0x000000b0   Code   RO         4329    .text               mf_w.l(fadd.o)
    0x080001d4   0x00000064   Code   RO         4331    .text               mf_w.l(fmul.o)
    0x08000238   0x0000007c   Code   RO         4333    .text               mf_w.l(fdiv.o)
    0x080002b4   0x00000012   Code   RO         4335    .text               mf_w.l(fflti.o)
    0x080002c6   0x0000000a   Code   RO         4337    .text               mf_w.l(ffltui.o)
    0x080002d0   0x00000032   Code   RO         4339    .text               mf_w.l(ffixi.o)
    0x08000302   0x00000028   Code   RO         4341    .text               mf_w.l(ffixui.o)
    0x0800032a   0x00000026   Code   RO         4343    .text               mf_w.l(f2d.o)
    0x08000350   0x00000014   Code   RO         4345    .text               mf_w.l(cfcmple.o)
    0x08000364   0x00000014   Code   RO         4347    .text               mf_w.l(cfrcmple.o)
    0x08000378   0x0000002c   Code   RO         4363    .text               mc_w.l(uidiv.o)
    0x080003a4   0x00000062   Code   RO         4365    .text               mc_w.l(uldiv.o)
    0x08000406   0x00000000   Code   RO         4367    .text               mc_w.l(iusefp.o)
    0x08000406   0x0000006e   Code   RO         4368    .text               mf_w.l(fepilogue.o)
    0x08000474   0x0000014e   Code   RO         4370    .text               mf_w.l(dadd.o)
    0x080005c2   0x000000e4   Code   RO         4372    .text               mf_w.l(dmul.o)
    0x080006a6   0x000000de   Code   RO         4374    .text               mf_w.l(ddiv.o)
    0x08000784   0x00000030   Code   RO         4376    .text               mf_w.l(dfixul.o)
    0x080007b4   0x00000030   Code   RO         4378    .text               mf_w.l(cdrcmple.o)
    0x080007e4   0x00000024   Code   RO         4380    .text               mc_w.l(init.o)
    0x08000808   0x0000001e   Code   RO         4382    .text               mc_w.l(llshl.o)
    0x08000826   0x00000020   Code   RO         4384    .text               mc_w.l(llushr.o)
    0x08000846   0x00000024   Code   RO         4386    .text               mc_w.l(llsshr.o)
    0x0800086a   0x000000ba   Code   RO         4388    .text               mf_w.l(depilogue.o)
    0x08000924   0x00000074   Code   RO         3979    i.ADC1_Init         adc.o
    0x08000998   0x00000006   Code   RO          200    i.ADC_ClearFlag     stm32f10x_adc.o
    0x0800099e   0x00000016   Code   RO          202    i.ADC_Cmd           stm32f10x_adc.o
    0x080009b4   0x00000024   Code   RO         3980    i.ADC_GPIOInit      adc.o
    0x080009d8   0x00000014   Code   RO          210    i.ADC_GetCalibrationStatus  stm32f10x_adc.o
    0x080009ec   0x00000008   Code   RO          211    i.ADC_GetConversionValue  stm32f10x_adc.o
    0x080009f4   0x00000012   Code   RO          213    i.ADC_GetFlagStatus  stm32f10x_adc.o
    0x08000a06   0x00000002   PAD
    0x08000a08   0x00000050   Code   RO          220    i.ADC_Init          stm32f10x_adc.o
    0x08000a58   0x000000b8   Code   RO          224    i.ADC_RegularChannelConfig  stm32f10x_adc.o
    0x08000b10   0x0000000a   Code   RO          225    i.ADC_ResetCalibration  stm32f10x_adc.o
    0x08000b1a   0x00000016   Code   RO          227    i.ADC_SoftwareStartConvCmd  stm32f10x_adc.o
    0x08000b30   0x0000000a   Code   RO          229    i.ADC_StartCalibration  stm32f10x_adc.o
    0x08000b3a   0x00000002   PAD
    0x08000b3c   0x00000054   Code   RO         3311    i.ALL_Init          init.o
    0x08000b90   0x0000006c   Code   RO         4013    i.Analysis_hcsro4   control.o
    0x08000bfc   0x000000fc   Code   RO         4014    i.Analysis_wires    control.o
    0x08000cf8   0x00000004   Code   RO         3248    i.BusFault_Handler  stm32f10x_it.o
    0x08000cfc   0x00000010   Code   RO         3908    i.DHT_In            dht.o
    0x08000d0c   0x00000024   Code   RO         3909    i.DHT_InPut         dht.o
    0x08000d30   0x00000024   Code   RO         3910    i.DHT_Out           dht.o
    0x08000d54   0x00000034   Code   RO         3911    i.DHT_OutPut        dht.o
    0x08000d88   0x000000f4   Code   RO         3912    i.DHT_ReadValue     dht.o
    0x08000e7c   0x00000054   Code   RO         3913    i.DHT_Start         dht.o
    0x08000ed0   0x00000002   Code   RO         3249    i.DebugMon_Handler  stm32f10x_it.o
    0x08000ed2   0x00000002   PAD
    0x08000ed4   0x0000006c   Code   RO         3377    i.Duty_1000ms       scheduler.o
    0x08000f40   0x0000002c   Code   RO         3378    i.Duty_10ms         scheduler.o
    0x08000f6c   0x00000074   Code   RO         3379    i.Duty_200ms        scheduler.o
    0x08000fe0   0x00000028   Code   RO         3380    i.Duty_20ms         scheduler.o
    0x08001008   0x00000020   Code   RO         3381    i.Duty_2ms          scheduler.o
    0x08001028   0x00000020   Code   RO         3382    i.Duty_4ms          scheduler.o
    0x08001048   0x00000024   Code   RO         3383    i.Duty_50ms         scheduler.o
    0x0800106c   0x00000020   Code   RO         3384    i.Duty_6ms          scheduler.o
    0x0800108c   0x00000116   Code   RO         1347    i.GPIO_Init         stm32f10x_gpio.o
    0x080011a2   0x00000012   Code   RO         1351    i.GPIO_ReadInputDataBit  stm32f10x_gpio.o
    0x080011b4   0x00000004   Code   RO         1354    i.GPIO_ResetBits    stm32f10x_gpio.o
    0x080011b8   0x00000004   Code   RO         1355    i.GPIO_SetBits      stm32f10x_gpio.o
    0x080011bc   0x0000000a   Code   RO         1358    i.GPIO_WriteBit     stm32f10x_gpio.o
    0x080011c6   0x00000002   PAD
    0x080011c8   0x00000044   Code   RO         3448    i.GetSysTime_us     delay.o
    0x0800120c   0x00000054   Code   RO         3981    i.Get_ADCValue      adc.o
    0x08001260   0x000000a8   Code   RO         3676    i.HCSR04_GetFlag    hcsr04.o
    0x08001308   0x00000134   Code   RO         3677    i.HCSR04_Init       hcsr04.o
    0x0800143c   0x000000a4   Code   RO         3678    i.HCSR04_Measure    hcsr04.o
    0x080014e0   0x00000004   Code   RO         3250    i.HardFault_Handler  stm32f10x_it.o
    0x080014e4   0x00000030   Code   RO         3679    i.Hcsr04_Init       hcsr04.o
    0x08001514   0x00000074   Code   RO         3385    i.Loop_check        scheduler.o
    0x08001588   0x00000004   Code   RO         3251    i.MemManage_Handler  stm32f10x_it.o
    0x0800158c   0x00000044   Code   RO         3756    i.Motor1_Init       motor.o
    0x080015d0   0x00000044   Code   RO         3757    i.Motor2_Init       motor.o
    0x08001614   0x00000204   Code   RO         3758    i.Motor_Init        motor.o
    0x08001818   0x0000002e   Code   RO         3759    i.Motor_SetDirection  motor.o
    0x08001846   0x00000002   PAD
    0x08001848   0x0000006c   Code   RO         3760    i.Motor_SetSpeed    motor.o
    0x080018b4   0x000000a0   Code   RO         3761    i.Motor_SetSpeedWithDirection  motor.o
    0x08001954   0x00000016   Code   RO         3762    i.Motor_Start       motor.o
    0x0800196a   0x00000016   Code   RO         3763    i.Motor_Stop        motor.o
    0x08001980   0x00000014   Code   RO         3765    i.Motor_ctr_Init    motor.o
    0x08001994   0x00000028   Code   RO         3767    i.Motor_ctr_LINE    motor.o
    0x080019bc   0x000000a0   Code   RO         4015    i.Motor_ctr_PID     control.o
    0x08001a5c   0x00000028   Code   RO         3769    i.Motor_ctr_TURNLEFT  motor.o
    0x08001a84   0x00000028   Code   RO         3770    i.Motor_ctr_TURNRIGHT  motor.o
    0x08001aac   0x00000002   Code   RO         3252    i.NMI_Handler       stm32f10x_it.o
    0x08001aae   0x00000002   PAD
    0x08001ab0   0x00000070   Code   RO          137    i.NVIC_Init         misc.o
    0x08001b20   0x00000014   Code   RO          138    i.NVIC_PriorityGroupConfig  misc.o
    0x08001b34   0x0000004e   Code   RO         4016    i.PID_Update        control.o
    0x08001b82   0x00000002   Code   RO         3253    i.PendSV_Handler    stm32f10x_it.o
    0x08001b84   0x00000020   Code   RO         1775    i.RCC_APB1PeriphClockCmd  stm32f10x_rcc.o
    0x08001ba4   0x00000020   Code   RO         1777    i.RCC_APB2PeriphClockCmd  stm32f10x_rcc.o
    0x08001bc4   0x000000d4   Code   RO         1785    i.RCC_GetClocksFreq  stm32f10x_rcc.o
    0x08001c98   0x00000002   Code   RO         3254    i.SVC_Handler       stm32f10x_it.o
    0x08001c9a   0x00000008   Code   RO           24    i.SetSysClock       system_stm32f10x.o
    0x08001ca2   0x00000002   PAD
    0x08001ca4   0x000000e0   Code   RO           25    i.SetSysClockTo72   system_stm32f10x.o
    0x08001d84   0x00000008   Code   RO         3255    i.SysTick_Handler   stm32f10x_it.o
    0x08001d8c   0x00000048   Code   RO         3449    i.SysTick_IRQ       delay.o
    0x08001dd4   0x00000060   Code   RO           27    i.SystemInit        system_stm32f10x.o
    0x08001e34   0x00000030   Code   RO         3590    i.TIM4_IRQHandler   usart2.o
    0x08001e64   0x00000028   Code   RO         3592    i.TIM4_Set          usart2.o
    0x08001e8c   0x00000018   Code   RO         2409    i.TIM_ARRPreloadConfig  stm32f10x_tim.o
    0x08001ea4   0x00000006   Code   RO         2416    i.TIM_ClearITPendingBit  stm32f10x_tim.o
    0x08001eaa   0x00000018   Code   RO         2421    i.TIM_Cmd           stm32f10x_tim.o
    0x08001ec2   0x0000001e   Code   RO         2423    i.TIM_CtrlPWMOutputs  stm32f10x_tim.o
    0x08001ee0   0x00000022   Code   RO         2442    i.TIM_GetITStatus   stm32f10x_tim.o
    0x08001f02   0x00000002   PAD
    0x08001f04   0x00000098   Code   RO         2450    i.TIM_OC1Init       stm32f10x_tim.o
    0x08001f9c   0x00000012   Code   RO         2453    i.TIM_OC1PreloadConfig  stm32f10x_tim.o
    0x08001fae   0x00000002   PAD
    0x08001fb0   0x000000a4   Code   RO         2455    i.TIM_OC2Init       stm32f10x_tim.o
    0x08002054   0x0000001a   Code   RO         2458    i.TIM_OC2PreloadConfig  stm32f10x_tim.o
    0x0800206e   0x00000002   PAD
    0x08002070   0x000000a0   Code   RO         2460    i.TIM_OC3Init       stm32f10x_tim.o
    0x08002110   0x00000012   Code   RO         2463    i.TIM_OC3PreloadConfig  stm32f10x_tim.o
    0x08002122   0x00000002   PAD
    0x08002124   0x0000007c   Code   RO         2465    i.TIM_OC4Init       stm32f10x_tim.o
    0x080021a0   0x0000001a   Code   RO         2467    i.TIM_OC4PreloadConfig  stm32f10x_tim.o
    0x080021ba   0x00000004   Code   RO         2482    i.TIM_SetCompare1   stm32f10x_tim.o
    0x080021be   0x00000004   Code   RO         2486    i.TIM_SetCounter    stm32f10x_tim.o
    0x080021c2   0x00000002   PAD
    0x080021c4   0x000000a4   Code   RO         2492    i.TIM_TimeBaseInit  stm32f10x_tim.o
    0x08002268   0x000000e8   Code   RO         3543    i.USART1_IRQHandler  uart1.o
    0x08002350   0x00000074   Code   RO         3493    i.USART2_IRQHandler  printf.o
    0x080023c4   0x0000001e   Code   RO         2957    i.USART_ClearITPendingBit  stm32f10x_usart.o
    0x080023e2   0x00000018   Code   RO         2960    i.USART_Cmd         stm32f10x_usart.o
    0x080023fa   0x0000001a   Code   RO         2963    i.USART_GetFlagStatus  stm32f10x_usart.o
    0x08002414   0x00000054   Code   RO         2964    i.USART_GetITStatus  stm32f10x_usart.o
    0x08002468   0x0000004a   Code   RO         2966    i.USART_ITConfig    stm32f10x_usart.o
    0x080024b2   0x00000002   PAD
    0x080024b4   0x000000d8   Code   RO         2967    i.USART_Init        stm32f10x_usart.o
    0x0800258c   0x0000000a   Code   RO         2974    i.USART_ReceiveData  stm32f10x_usart.o
    0x08002596   0x00000008   Code   RO         2977    i.USART_SendData    stm32f10x_usart.o
    0x0800259e   0x00000004   Code   RO         3256    i.UsageFault_Handler  stm32f10x_it.o
    0x080025a2   0x00000002   PAD
    0x080025a4   0x00000020   Code   RO         4301    i.__0printf         mc_w.l(printfa.o)
    0x080025c4   0x0000000e   Code   RO         4392    i.__scatterload_copy  mc_w.l(handlers.o)
    0x080025d2   0x00000002   Code   RO         4393    i.__scatterload_null  mc_w.l(handlers.o)
    0x080025d4   0x0000000e   Code   RO         4394    i.__scatterload_zeroinit  mc_w.l(handlers.o)
    0x080025e2   0x00000002   PAD
    0x080025e4   0x00000184   Code   RO         4308    i._fp_digits        mc_w.l(printfa.o)
    0x08002768   0x000006dc   Code   RO         4309    i._printf_core      mc_w.l(printfa.o)
    0x08002e44   0x00000024   Code   RO         4310    i._printf_post_padding  mc_w.l(printfa.o)
    0x08002e68   0x0000002e   Code   RO         4311    i._printf_pre_padding  mc_w.l(printfa.o)
    0x08002e96   0x00000002   PAD
    0x08002e98   0x00000024   Code   RO         3450    i.cycleCounterInit  delay.o
    0x08002ebc   0x00000030   Code   RO         3451    i.delay_ms          delay.o
    0x08002eec   0x0000001a   Code   RO         3452    i.delay_us          delay.o
    0x08002f06   0x00000002   PAD
    0x08002f08   0x00000024   Code   RO         3494    i.fputc             printf.o
    0x08002f2c   0x0000002c   Code   RO         3725    i.gpio_engin_init   engin.o
    0x08002f58   0x00000040   Code   RO         3495    i.gpio_uart2_init   printf.o
    0x08002f98   0x00000074   Code   RO         3198    i.main              main.o
    0x0800300c   0x000000b8   Code   RO         3386    i.main_loop         scheduler.o
    0x080030c4   0x00000024   Code   RO         4017    i.motor_mod         control.o
    0x080030e8   0x00000074   Code   RO         3496    i.printf_init       printf.o
    0x0800315c   0x000000c8   Code   RO         3726    i.servo_set_angle   engin.o
    0x08003224   0x0000008c   Code   RO         3727    i.tim1_init         engin.o
    0x080032b0   0x000000a8   Code   RO         3546    i.uart_init         uart1.o
    0x08003358   0x00000020   Data   RO         4390    Region$$Table       anon$$obj.o


    Execution Region RW_IRAM1 (Base: 0x20000000, Size: 0x000005e8, Max: 0x00005000, ABSOLUTE)

    Base Addr    Size         Type   Attr      Idx    E Section Name        Object

    0x20000000   0x00000014   Data   RW           28    .data               system_stm32f10x.o
    0x20000014   0x00000014   Data   RW         1805    .data               stm32f10x_rcc.o
    0x20000028   0x00000005   Data   RW         3312    .data               init.o
    0x2000002d   0x00000003   PAD
    0x20000030   0x0000000a   Data   RW         3454    .data               delay.o
    0x2000003a   0x00000002   PAD
    0x2000003c   0x00000008   Data   RW         3499    .data               printf.o
    0x20000044   0x00000004   Data   RW         3549    .data               uart1.o
    0x20000048   0x00000002   Data   RW         3596    .data               usart2.o
    0x2000004a   0x00000002   PAD
    0x2000004c   0x00000004   Data   RW         3645    .data               usart.o
    0x20000050   0x00000005   Data   RW         3681    .data               hcsr04.o
    0x20000055   0x00000001   PAD
    0x20000056   0x00000005   Data   RW         3728    .data               engin.o
    0x2000005b   0x00000001   PAD
    0x2000005c   0x00000008   Data   RW         3914    .data               dht.o
    0x20000064   0x00000004   Data   RW         3982    .data               adc.o
    0x20000068   0x00000024   Data   RW         4018    .data               control.o
    0x2000008c   0x0000003c   Zero   RW         3387    .bss                scheduler.o
    0x200000c8   0x00000080   Zero   RW         3498    .bss                printf.o
    0x20000148   0x00000040   Zero   RW         3548    .bss                uart1.o
    0x20000188   0x0000001c   Zero   RW         3680    .bss                hcsr04.o
    0x200001a4   0x00000040   Zero   RW         3771    .bss                motor.o
    0x200001e4   0x00000004   PAD
    0x200001e8   0x00000400   Zero   RW            1    STACK               startup_stm32f10x_md.o


==============================================================================

Image component sizes


      Code (inc. data)   RO Data    RW Data    ZI Data      Debug   Object Name

       236         24          0          4          0       1560   adc.o
       634        114          0         36          0       4937   control.o
         0          0          0          0          0       4500   core_cm3.o
       250         36          0         10          0       2797   delay.o
       468         60          0          8          0     213840   dht.o
       384         44          0          5          0       1735   engin.o
       688         62          0          5         28       4730   hcsr04.o
        84         12          0          5          0       1088   init.o
       116         12          0          0          0      17310   main.o
       132         22          0          0          0     204579   misc.o
      1150        108          0          0         64       8361   motor.o
       332         34          0          8        128       2527   printf.o
       740        154          0          0         60       4906   scheduler.o
        36          8        236          0       1024        784   startup_stm32f10x_md.o
       380         10          0          0          0      17789   stm32f10x_adc.o
       314          0          0          0          0      12096   stm32f10x_gpio.o
        32          0          0          0          0       3466   stm32f10x_it.o
       276         32          0         20          0      12758   stm32f10x_rcc.o
       978         92          0          0          0      29454   stm32f10x_tim.o
       472          6          0          0          0      12139   stm32f10x_usart.o
       328         28          0         20          0      45197   system_stm32f10x.o
       400         42          0          4         64       1951   uart1.o
         0          0          0          4          0       1650   usart.o
        88         14          0          2          0       1585   usart2.o

    ----------------------------------------------------------------------
      8548        914        268        140       1372     611739   Object Totals
         0          0         32          0          0          0   (incl. Generated)
        30          0          0          9          4          0   (incl. Padding)

    ----------------------------------------------------------------------

      Code (inc. data)   RO Data    RW Data    ZI Data      Debug   Library Member Name

         0          0          0          0          0          0   entry.o
         0          0          0          0          0          0   entry10a.o
         0          0          0          0          0          0   entry11a.o
         8          4          0          0          0          0   entry2.o
         4          0          0          0          0          0   entry5.o
         0          0          0          0          0          0   entry7b.o
         0          0          0          0          0          0   entry8b.o
         8          4          0          0          0          0   entry9a.o
        30          0          0          0          0          0   handlers.o
        36          8          0          0          0         68   init.o
         0          0          0          0          0          0   iusefp.o
        30          0          0          0          0         68   llshl.o
        36          0          0          0          0         68   llsshr.o
        32          0          0          0          0         68   llushr.o
      2258         90          0          0          0        452   printfa.o
        44          0          0          0          0         80   uidiv.o
        98          0          0          0          0         92   uldiv.o
        48          0          0          0          0         68   cdrcmple.o
        20          0          0          0          0         68   cfcmple.o
        20          0          0          0          0         68   cfrcmple.o
       334          0          0          0          0        148   dadd.o
       222          0          0          0          0        100   ddiv.o
       186          0          0          0          0        176   depilogue.o
        48          0          0          0          0         68   dfixul.o
       228          0          0          0          0         96   dmul.o
        38          0          0          0          0         68   f2d.o
       176          0          0          0          0        140   fadd.o
       124          0          0          0          0         88   fdiv.o
       110          0          0          0          0        168   fepilogue.o
        50          0          0          0          0         68   ffixi.o
        40          0          0          0          0         68   ffixui.o
        18          0          0          0          0         68   fflti.o
        10          0          0          0          0         68   ffltui.o
       100          0          0          0          0         76   fmul.o

    ----------------------------------------------------------------------
      4360        106          0          0          0       2500   Library Totals
         4          0          0          0          0          0   (incl. Padding)

    ----------------------------------------------------------------------

      Code (inc. data)   RO Data    RW Data    ZI Data      Debug   Library Name

      2584        106          0          0          0        896   mc_w.l
      1772          0          0          0          0       1604   mf_w.l

    ----------------------------------------------------------------------
      4360        106          0          0          0       2500   Library Totals

    ----------------------------------------------------------------------

==============================================================================


      Code (inc. data)   RO Data    RW Data    ZI Data      Debug   

     12908       1020        268        140       1372     607319   Grand Totals
     12908       1020        268        140       1372     607319   ELF Image Totals
     12908       1020        268        140          0          0   ROM Totals

==============================================================================

    Total RO  Size (Code + RO Data)                13176 (  12.87kB)
    Total RW  Size (RW Data + ZI Data)              1512 (   1.48kB)
    Total ROM Size (Code + RO Data + RW Data)      13316 (  13.00kB)

==============================================================================

